***** External Functions *****
1    AddFolderIcon                                      isrt.obl(Shell.obs)
2    AddFontRegistrationToLog                           isrt.obl(Misc.obs)
3    AppSearch                                          isrt.obl(Driver.obs)
4    AskYesNo                                           isrt.obl(AskYesNo.obs)
5    CCPSearch                                          isrt.obl(Driver.obs)
6    ChangeDirectory                                    isrt.obl(Files.obs)
7    CloseFile                                          isrt.obl(Files.obs)
8    CmdGetHwndDlg                                      isrt.obl(CustomDialog.obs)
9    ComponentAddFileToLog                              isrt.obl(component.obs)
10   ComponentCompareSizeRequired                       isrt.obl(component.obs)
11   ComponentGetData                                   isrt.obl(component.obs)
12   ComponentGetTotalCost                              isrt.obl(component.obs)
13   ComponentIsItemSelected                            isrt.obl(component.obs)
14   ComponentListItems                                 isrt.obl(component.obs)
15   ComponentSelectItem                                isrt.obl(component.obs)
16   ComponentSetTarget                                 isrt.obl(component.obs)
17   ComponentSetupTypeEnum                             isrt.obl(component.obs)
18   ComponentSetupTypeGetData                          isrt.obl(component.obs)
19   ComponentSetupTypeSet                              isrt.obl(component.obs)
20   ComponentTreeInit                                  isrt.obl(Dialogs.obs)
21   CopyFile                                           isrt.obl(Files.obs)
22   CreateDir                                          isrt.obl(Files.obs)
23   CreateFile                                         isrt.obl(Files.obs)
24   CreateInstallationInfo                             isrt.obl(Registry.obs)
25   CreateRegistrySet                                  isrt.obl(Feature.obs)
26   CtrlGetCurSel                                      isrt.obl(CustomDialog.obs)
27   CtrlGetNotificationCode                            isrt.obl(CustomDialog.obs)
28   CtrlGetState                                       isrt.obl(CustomDialog.obs)
29   CtrlGetSubCommand                                  isrt.obl(CustomDialog.obs)
30   CtrlGetText                                        isrt.obl(CustomDialog.obs)
31   CtrlSelectText                                     isrt.obl(CustomDialog.obs)
32   CtrlSetCurSel                                      isrt.obl(CustomDialog.obs)
33   CtrlSetList                                        isrt.obl(CustomDialog.obs)
34   CtrlSetMLEText                                     isrt.obl(CustomDialog.obs)
35   CtrlSetState                                       isrt.obl(CustomDialog.obs)
36   CtrlSetText                                        isrt.obl(CustomDialog.obs)
37   DefineDialog                                       isrt.obl(CustomDialog.obs)
38   Delay                                              isrt.obl(Misc.obs)
39   DeleteDir                                          isrt.obl(Files.obs)
40   DeleteFile                                         isrt.obl(Files.obs)
41   DialogSetDefaultFont                               isrt.obl(Dialogs.obs)
42   DialogSetFont                                      isrt.obl(Dialogs.obs)
43   DialogSetInfo                                      isrt.obl(Dialogs.obs)
44   Disable                                            isrt.obl(Enable.obs)
45   DllSizeOf                                          isrt.obl(Str.obs)
46   Do                                                 isrt.obl(Misc.obs)
47   Enable                                             isrt.obl(Enable.obs)
48   EndCurrentDialog                                   isrt.obl(Dialogs.obs)
49   EndDialog                                          isrt.obl(CustomDialog.obs)
50   EnterDisk                                          isrt.obl(EnterDisk.obs)
51   EnterPassword                                      isrt.obl(EnterPasswordDlg.obs)
52   ExistsDir                                          isrt.obl(Files.obs)
53   ExistsDisk                                         isrt.obl(Files.obs)
54   ExitInstall                                        isrt.obl(Driver.obs)
55   EzDefineDialog                                     isrt.obl(CustomDialog.obs)
56   FeatureAddFileToLog                                isrt.obl(Feature.obs)
57   FeatureCompareSizeRequired                         isrt.obl(Feature.obs)
58   FeatureErrorInfo                                   isrt.obl(Feature.obs)
59   FeatureFilterLanguage                              isrt.obl(Feature.obs)
60   FeatureFilterOS                                    isrt.obl(Feature.obs)
61   FeatureGetData                                     isrt.obl(Feature.obs)
62   FeatureGetTotalCost                                isrt.obl(Feature.obs)
63   FeatureIsItemSelected                              isrt.obl(Feature.obs)
64   FeatureListItems                                   isrt.obl(Feature.obs)
65   FeaturePatch                                       isrt.obl(Feature.obs)
66   FeatureReinstall                                   isrt.obl(Feature.obs)
67   FeatureRemoveAll                                   isrt.obl(Feature.obs)
68   FeatureRemoveAllInLogOnly                          isrt.obl(Feature.obs)
69   FeatureRemoveAllInMedia                            isrt.obl(Feature.obs)
70   FeatureRemoveAllInMediaAndLog                      isrt.obl(Feature.obs)
71   FeatureSaveTarget                                  isrt.obl(Feature.obs)
72   FeatureSelectItem                                  isrt.obl(Feature.obs)
73   FeatureSelectNew                                   isrt.obl(Feature.obs)
74   FeatureSetTarget                                   isrt.obl(Feature.obs)
75   FeatureSetupTypeEnum                               isrt.obl(Feature.obs)
76   FeatureSetupTypeGetData                            isrt.obl(Feature.obs)
77   FeatureSetupTypeSet                                isrt.obl(Feature.obs)
78   FeatureTransferData                                isrt.obl(Feature.obs)
79   FeatureValidate                                    isrt.obl(Feature.obs)
80   FinalConstruct                                     ifx.obl(EventsPriv.obs)
81   FinalRelease                                       ifx.obl(EventsPriv.obs)
82   FindAllDirs                                        isrt.obl(Files.obs)
83   FindFile                                           isrt.obl(Files.obs)
84   FormatMessage                                      isrt.obl(Misc.obs)
85   GDI32.AddFontResource                              ifx.obl(EventsPriv.obs)
86   GDI32.CreateRectRgn                                ifx.obl(EventsPriv.obs)
87   GDI32.GetDeviceCaps                                ifx.obl(EventsPriv.obs)
88   GDI32.RemoveFontResource                           ifx.obl(EventsPriv.obs)
89   GetBillboard                                       isrt.obl(SysVars.obs)
90   GetCommonFiles                                     isrt.obl(SysVars.obs)
91   GetCurrentDialogName                               isrt.obl(Dialogs.obs)
92   GetDialogTitle                                     isrt.obl(Dialogs.obs)
93   GetDir                                             isrt.obl(Str.obs)
94   GetDisk                                            isrt.obl(Str.obs)
95   GetDiskSpace                                       isrt.obl(GSI.obs)
96   GetDiskSpaceEx                                     isrt.obl(GSI.obs)
97   GetEnabledIServices                                isrt.obl(SysVars.obs)
98   GetEngineDir                                       isrt.obl(SysVars.obs)
99   GetErrorMsg                                        isrt.obl(Dialogs.obs)
100  GetErrorTitle                                      isrt.obl(Dialogs.obs)
101  GetExtents                                         isrt.obl(GSI.obs)
102  GetFolderApplications                              isrt.obl(SysVars.obs)
103  GetFolderFonts                                     isrt.obl(SysVars.obs)
104  GetFolderPrograms                                  isrt.obl(SysVars.obs)
105  GetFolderStartMenu                                 isrt.obl(SysVars.obs)
106  GetISRes                                           isrt.obl(SysVars.obs)
107  GetInstallScriptMSI                                isrt.obl(SysVars.obs)
108  GetInstanceGUID                                    isrt.obl(SysVars.obs)
109  GetKeyPathWinCurrVerAuto                           isrt.obl(SysVars.obs)
110  GetLog                                             isrt.obl(SysVars.obs)
111  GetLogEx                                           isrt.obl(SysVars.obs)
112  GetMaintOption                                     isrt.obl(SysVars.obs)
113  GetMaintenance                                     isrt.obl(SysVars.obs)
114  GetMultiInstanceCount                              isrt.obl(SysVars.obs)
115  GetOpenFileMode                                    isrt.obl(Files.obs)
116  GetPackageLocation                                 isrt.obl(SysVars.obs)
117  GetProductGUID                                     isrt.obl(SysVars.obs)
118  GetProfSectionKeyCount                             isrt.obl(Profile.obs)
119  GetProfString                                      isrt.obl(Profile.obs)
120  GetProfStringList                                  isrt.obl(Profile.obs)
121  GetProgramFiles                                    isrt.obl(SysVars.obs)
122  GetRemoveAllMode                                   isrt.obl(SysVars.obs)
123  GetSelectedLanguage                                isrt.obl(SysVars.obs)
124  GetSelectedTreeComponent                           isrt.obl(CmptView.obs)
125  GetShowPasswordDialog                              isrt.obl(SysVars.obs)
126  GetSupportDir                                      isrt.obl(SysVars.obs)
127  GetSystemInfo                                      isrt.obl(GSI.obs)
128  GetTempFolder                                      isrt.obl(SysVars.obs)
129  GetTrueTypeFontFileInfo                            isrt.obl(Misc.obs)
130  GetUserSelectableAuto                              isrt.obl(SysVars.obs)
131  GetWinDir                                          isrt.obl(SysVars.obs)
132  GetWinSysDir                                       isrt.obl(SysVars.obs)
133  GetWindowHandle                                    isrt.obl(Misc.obs)
134  HIBYTE                                             isrt.obl(Misc.obs)
135  HIWORD                                             isrt.obl(Misc.obs)
136  ISDeterminePlatform                                isrt.obl(OsInfo.obs)
137  ISMIF32.InstallStatusMIF                           isrt.obl(MIF.obs)
138  ISRT.AddIcon                                       isrt.obl(Shell.obs)
139  ISRT.ComponentViewSetInfoEx                        isrt.obl(Dialogs.obs)
140  ISRT.EnableHourGlass                               isrt.obl(Enable.obs)
141  ISRT.GetCPUType                                    isrt.obl(GSI.obs)
142  ISRT.GetFontSub                                    isrt.obl(Dialogs.obs)
143  ISRT.GetHandle                                     Setup.obs
144  ISRT.GetPorts                                      isrt.obl(GSI.obs)
145  ISRT.IsEmpty                                       Setup.obs
146  ISRT.IsNTAdmin                                     isrt.obl(Is.obs)
147  ISRT.IsObject                                      Setup.obs
148  ISRT.IsPowerUser                                   isrt.obl(Is.obs)
149  ISRT.LangLoadString                                isrt.obl(SDINT.obs)
150  ISRT.MessageBeepP                                  Setup.obs
151  ISRT.PathCompactPathPixel                          isrt.obl(CustomDialog.obs)
152  ISRT.PathGetDir                                    isrt.obl(Str.obs)
153  ISRT.PathGetDrive                                  isrt.obl(Str.obs)
154  ISRT.PathGetFile                                   isrt.obl(Files.obs)
155  ISRT.PathGetFileExt                                isrt.obl(Str.obs)
156  ISRT.PathGetFileName                               isrt.obl(Str.obs)
157  ISRT.PathGetLongFromShort                          isrt.obl(Str.obs)
158  ISRT.PathGetPath                                   isrt.obl(Str.obs)
159  ISRT.PathGetSpecialFolder                          isrt.obl(SysVars.obs)
160  ISRT.PathIsValidSyntax                             isrt.obl(Is.obs)
161  ISRT.VerGetFileVersion                             Setup.obs
162  ISRT._AppSearch                                    Setup.obs
163  ISRT._BrowseForFolder                              isrt.obl(SelectDir.obs)
164  ISRT._CCPSearch                                    Setup.obs
165  ISRT._CleanupInet                                  isrt.obl(MIO.obs)
166  ISRT._CloseFile                                    isrt.obl(Files.obs)
167  ISRT._CmdGetHwndDlg                                isrt.obl(CustomDialog.obs)
168  ISRT._ComponentCompareSizeRequired                 isrt.obl(Feature.obs)
169  ISRT._ComponentErrorInfo                           isrt.obl(Feature.obs)
170  ISRT._ComponentFilterLanguage                      isrt.obl(Feature.obs)
171  ISRT._ComponentFilterOS                            isrt.obl(Feature.obs)
172  ISRT._ComponentGetData                             isrt.obl(Feature.obs)
173  ISRT._ComponentGetTotalCost                        isrt.obl(Feature.obs)
174  ISRT._ComponentGetTotalCostEx                      isrt.obl(SdComponentTreeDlg.obs)
175  ISRT._ComponentIsItemSelected                      isrt.obl(Feature.obs)
176  ISRT._ComponentListItems                           isrt.obl(Feature.obs)
177  ISRT._ComponentPatch                               isrt.obl(Feature.obs)
178  ISRT._ComponentReinstall                           isrt.obl(Feature.obs)
179  ISRT._ComponentRemoveAll                           isrt.obl(Feature.obs)
180  ISRT._ComponentRemoveAllInLogOnly                  isrt.obl(Feature.obs)
181  ISRT._ComponentSaveTarget                          isrt.obl(Feature.obs)
182  ISRT._ComponentSelectItem                          isrt.obl(Feature.obs)
183  ISRT._ComponentSelectNew                           isrt.obl(Feature.obs)
184  ISRT._ComponentSetupTypeEnum                       isrt.obl(Feature.obs)
185  ISRT._ComponentSetupTypeGetData                    isrt.obl(Feature.obs)
186  ISRT._ComponentSetupTypeSet                        isrt.obl(Feature.obs)
187  ISRT._ComponentTransferData                        isrt.obl(Feature.obs)
188  ISRT._ComponentValidate                            isrt.obl(Feature.obs)
189  ISRT._CreateDir                                    isrt.obl(Files.obs)
190  ISRT._CreateRegistrySet                            isrt.obl(Feature.obs)
191  ISRT._CtrlGetNotificationCode                      isrt.obl(CustomDialog.obs)
192  ISRT._CtrlGetSubCommand                            isrt.obl(CustomDialog.obs)
193  ISRT._CtrlSetMLERichText                           isrt.obl(CustomDialog.obs)
194  ISRT._DefineDialog                                 isrt.obl(CustomDialog.obs)
195  ISRT._DialogSetFont                                isrt.obl(Dialogs.obs)
196  ISRT._DisableStatus                                isrt.obl(Enable.obs)
197  ISRT._DoSprintf                                    isrt.obl(MsgBox.obs)
198  ISRT._EnableDialogCache                            isrt.obl(Enable.obs)
199  ISRT._EnablePrevDialog                             isrt.obl(AskDestPathDlg.obs)
200  ISRT._EnableSkins                                  isrt.obl(Enable.obs)
201  ISRT._EnableStatus                                 isrt.obl(Enable.obs)
202  ISRT._EndDialog                                    isrt.obl(CustomDialog.obs)
203  ISRT._ExistsDir                                    isrt.obl(Files.obs)
204  ISRT._ExistsDisk                                   isrt.obl(Files.obs)
205  ISRT._ExistsFile                                   isrt.obl(Files.obs)
206  ISRT._ExitInstall                                  Setup.obs
207  ISRT._FileCopy                                     isrt.obl(Files.obs)
208  ISRT._GetCurrentDialogName                         isrt.obl(Dialogs.obs)
209  ISRT._GetDiskSpaceEx                               isrt.obl(GSI.obs)
210  ISRT._GetDiskSpaceExEx                             isrt.obl(SdComponentTreeDlg.obs)
211  ISRT._GetGlobalMemorySize                          isrt.obl(GSI.obs)
212  ISRT._GetSelectedTreeComponent                     isrt.obl(CmptView.obs)
213  ISRT._GetSupportDir                                isrt.obl(SysVars.obs)
214  ISRT._GetTrueTypeFontFileInfo                      isrt.obl(Misc.obs)
215  ISRT._InetEndofTransfer                            isrt.obl(iftw.obs)
216  ISRT._InetGetNextDisk                              isrt.obl(iftw.obs)
217  ISRT._InitInstall                                  Setup.obs
218  ISRT._IsFontTypefaceNameAvailable                  isrt.obl(Is.obs)
219  ISRT._IsSkinLoaded                                 isrt.obl(Is.obs)
220  ISRT._IsWindowsME                                  isrt.obl(GSI.obs)
221  ISRT._ListAddItem                                  isrt.obl(scrlist.obs)
222  ISRT._ListAddString                                isrt.obl(scrlist.obs)
223  ISRT._ListCount                                    isrt.obl(scrlist.obs)
224  ISRT._ListCreate                                   isrt.obl(scrlist.obs)
225  ISRT._ListCurrentString                            isrt.obl(scrlist.obs)
226  ISRT._ListDeleteItem                               isrt.obl(scrlist.obs)
227  ISRT._ListDeleteString                             isrt.obl(scrlist.obs)
228  ISRT._ListDestroy                                  isrt.obl(scrlist.obs)
229  ISRT._ListFindString                               isrt.obl(scrlist.obs)
230  ISRT._ListGetFirstItem                             isrt.obl(scrlist.obs)
231  ISRT._ListGetFirstString                           isrt.obl(scrlist.obs)
232  ISRT._ListGetNextItem                              isrt.obl(scrlist.obs)
233  ISRT._ListGetNextString                            isrt.obl(scrlist.obs)
234  ISRT._ListGetType                                  isrt.obl(scrlist.obs)
235  ISRT._ListSetIndex                                 isrt.obl(scrlist.obs)
236  ISRT._MediaGetInfo                                 isrt.obl(Feature.obs)
237  ISRT._OnUninstPriv                                 Setup.obs
238  ISRT._OpenFile                                     isrt.obl(Files.obs)
239  ISRT._Preprogram                                   Setup.obs
240  ISRT._Rebooted                                     Setup.obs
241  ISRT._RegCreateKey                                 isrt.obl(Registry.obs)
242  ISRT._RegDeleteValue                               isrt.obl(Registry.obs)
243  ISRT._RegEnableTextSubs                            isrt.obl(Enable.obs)
244  ISRT._RegEnum                                      isrt.obl(Registry.obs)
245  ISRT._RegExistsKey                                 isrt.obl(Registry.obs)
246  ISRT._RegIsRemoteRegConnected                      isrt.obl(Is.obs)
247  ISRT._RegQueryKeyBinaryValue                       isrt.obl(Registry.obs)
248  ISRT._RegQueryKeyValue                             isrt.obl(Registry.obs)
249  ISRT._RegSetKeyBinaryValue                         isrt.obl(Registry.obs)
250  ISRT._RegSetKeyValue                               isrt.obl(Registry.obs)
251  ISRT._ReleaseDialog                                isrt.obl(CustomDialog.obs)
252  ISRT._SdShowMsg                                    isrt.obl(SDSMSG.obs)
253  ISRT._SetAltMainImage                              isrt.obl(Dialogs.obs)
254  ISRT._SetDisplayEffect                             isrt.obl(ui.obs)
255  ISRT._SetPaletteFile                               isrt.obl(MIO.obs)
256  ISRT._SetSilentSdShowMsg                           isrt.obl(Enable.obs)
257  ISRT._SetTitle                                     isrt.obl(ui.obs)
258  ISRT._SetupInet                                    isrt.obl(MIO.obs)
259  ISRT._SetupTraceWrite                              isrt.obl(Misc.obs)
260  ISRT._ShowObjWizardPages                           isrt.obl(Objects.obs)
261  ISRT._ShowWizardPages                              Setup.obs
262  ISRT._StatusUpdate                                 isrt.obl(ui.obs)
263  ISRT._TreeViewCreate                               isrt.obl(CmptView.obs)
264  ISRT._WaitOnDialog                                 isrt.obl(CustomDialog.obs)
265  ISRT._WriteLine                                    isrt.obl(Files.obs)
266  ISRT.__CreateObjectContext                         isrt.obl(ISRTInit.obs)
267  ISRT.__GetCmdLineOptions                           isrt.obl(ISRTInit.obs)
268  ISRT.__GetContextGUID                              isrt.obl(ISRTInit.obs)
269  ISRT.__GetEnabledIServices                         isrt.obl(SysVars.obs)
270  ISRT.__GetFileRegistrar                            isrt.obl(ISRTInit.obs)
271  ISRT.__GetInfo                                     isrt.obl(ISRTInit.obs)
272  ISRT.__GetInstallGuid                              isrt.obl(SysVars.obs)
273  ISRT.__GetLog                                      isrt.obl(SysVars.obs)
274  ISRT.__GetLogDB                                    isrt.obl(ISRTInit.obs)
275  ISRT.__GetLogEx                                    isrt.obl(SysVars.obs)
276  ISRT.__GetMainWindow                               Setup.obs
277  ISRT.__GetMaintOption                              isrt.obl(SysVars.obs)
278  ISRT.__GetMaintenanceMode                          isrt.obl(SysVars.obs)
279  ISRT.__GetObjects                                  isrt.obl(ISRTInit.obs)
280  ISRT.__GetProductGuid                              isrt.obl(SysVars.obs)
281  ISRT.__GetProgress                                 Setup.obs
282  ISRT.__GetReboot                                   isrt.obl(ISRTInit.obs)
283  ISRT.__GetRemoveAllMode                            isrt.obl(SysVars.obs)
284  ISRT.__GetTextSub                                  isrt.obl(ISRTInit.obs)
285  ISRT.__GetUpdateMode                               isrt.obl(SysVars.obs)
286  ISRT.__GetUser                                     isrt.obl(MIO.obs)
287  ISRT.__ISRTGetPropertyBag                          ifx.obl(PersistPropertyBag.obs)
288  ISRT.__ISRTReleasePropertyBag                      ifx.obl(PersistPropertyBag.obs)
289  ISRT.__LoadString                                  isrt.obl(LoadStr.obs)
290  ISRT.__PutEnabledIServices                         isrt.obl(Enable.obs)
291  ISRT.__ReleaseObjectContext                        isrt.obl(ISRTInit.obs)
292  ISRT.__RestoreMainLog                              isrt.obl(ISRTInit.obs)
293  ISRT.__RestoreMainLogEx                            isrt.obl(ISRTInit.obs)
294  ISRT.__SetComponentLog                             isrt.obl(ISRTInit.obs)
295  ISRT.__SetUpdateMode                               isrt.obl(SysVars.obs)
296  ISRTOnUninstPriv                                   isrt.obl(Driver.obs)
297  ISRTPreprogram                                     isrt.obl(Driver.obs)
298  IfxFilterComponents                                ifx.obl(EventsSetupPriv.obs)
299  IfxFinalConstruct                                  ifx.obl(EventsSetupPriv.obs)
300  IfxFinalRelease                                    ifx.obl(EventsSetupPriv.obs)
301  IfxInitProperties                                  ifx.obl(PersistPropertyBag.obs)
302  IfxOnAbortInstall                                  ifx.obl(EventsPriv.obs)
303  IfxOnAppSearch                                     ifx.obl(EventsPriv.obs)
304  IfxOnCCPSearch                                     ifx.obl(EventsPriv.obs)
305  IfxOnCanceling                                     ifx.obl(EventsPriv.obs)
306  IfxOnDisk1Installed                                ifx.obl(EventsSetupPriv.obs)
307  IfxOnDisk1Installing                               ifx.obl(EventsSetupPriv.obs)
308  IfxOnExitInstall                                   ifx.obl(EventsSetupPriv.obs)
309  IfxOnFileError                                     ifx.obl(EventsSetupPriv.obs)
310  IfxOnFileLocked                                    ifx.obl(EventsSetupPriv.obs)
311  IfxOnFileReadOnly                                  ifx.obl(EventsSetupPriv.obs)
312  IfxOnGeneralScriptOp                               ifx.obl(EventsPriv.obs)
313  IfxOnHelp                                          ifx.obl(EventsPriv.obs)
314  IfxOnInitInstall                                   ifx.obl(EventsSetupPriv.obs)
315  IfxOnInternetError                                 ifx.obl(EventsSetupPriv.obs)
316  IfxOnMD5Error                                      ifx.obl(EventsSetupPriv.obs)
317  IfxOnNextDisk                                      ifx.obl(EventsSetupPriv.obs)
318  IfxOnRebooted                                      ifx.obl(EventsPriv.obs)
319  IfxOnRemovingSharedFile                            ifx.obl(EventsSetupPriv.obs)
320  IfxOnShowWizardPages                               ifx.obl(EventsSetupPriv.obs)
321  IfxOnTransferred                                   ifx.obl(EventsPriv.obs)
322  IfxOnTransferring                                  ifx.obl(EventsSetupPriv.obs)
323  IfxOnUnhandledException                            ifx.obl(EventsPriv.obs)
324  IfxOnUninst                                        ifx.obl(EventsSetupPriv.obs)
325  IfxOnUninstPriv                                    ifx.obl(EventsSetupPriv.obs)
326  IfxPostprogram                                     ifx.obl(EventsSetupPriv.obs)
327  IfxPreprogram                                      ifx.obl(EventsSetupPriv.obs)
328  IfxReadProperties                                  ifx.obl(PersistPropertyBag.obs)
329  IfxRunAfterReboot                                  ifx.obl(EventsSetupPriv.obs)
330  IfxWriteProperties                                 ifx.obl(PersistPropertyBag.obs)
331  InetEndofTransfer                                  isrt.obl(iftw.obs)
332  InetNextDisk                                       isrt.obl(iftw.obs)
333  InitInstall                                        isrt.obl(Driver.obs)
334  InitProperties                                     ifx.obl(PersistPropertyBag.obs)
335  Is                                                 isrt.obl(Is.obs)
336  IsInetInstall                                      isrt.obl(iftw.obs)
337  KERNEL.GetModuleHandle                             Setup.obs
338  KERNEL32.CloseHandle                               ifx.obl(EventsPriv.obs)
339  KERNEL32.CreateFileA                               ifx.obl(EventsPriv.obs)
340  KERNEL32.CreateProcess                             ifx.obl(EventsPriv.obs)
341  KERNEL32.DeleteFileA                               ifx.obl(EventsPriv.obs)
342  KERNEL32.FindClose                                 ifx.obl(EventsPriv.obs)
343  KERNEL32.FindFirstFileA                            ifx.obl(EventsPriv.obs)
344  KERNEL32.FindNextFileA                             ifx.obl(EventsPriv.obs)
345  KERNEL32.FormatMessageA                            ifx.obl(EventsPriv.obs)
346  KERNEL32.FreeLibrary                               ifx.obl(EventsPriv.obs)
347  KERNEL32.GetCurrentDirectoryA                      isrt.obl(Extend.obs)
348  KERNEL32.GetDriveType                              ifx.obl(EventsPriv.obs)
349  KERNEL32.GetExitCodeProcess                        ifx.obl(EventsPriv.obs)
350  KERNEL32.GetFileAttributesA                        ifx.obl(EventsPriv.obs)
351  KERNEL32.GetLocalTime                              ifx.obl(EventsPriv.obs)
352  KERNEL32.GetLocaleInfo                             ifx.obl(EventsPriv.obs)
353  KERNEL32.GetPrivateProfileSectionA                 ifx.obl(EventsPriv.obs)
354  KERNEL32.GetPrivateProfileString                   ifx.obl(EventsPriv.obs)
355  KERNEL32.GetPrivateProfileStringA                  ifx.obl(EventsPriv.obs)
356  KERNEL32.GetProcAddress                            ifx.obl(EventsPriv.obs)
357  KERNEL32.GetProfileStringA                         ifx.obl(EventsPriv.obs)
358  KERNEL32.GetShortPathNameA                         ifx.obl(EventsPriv.obs)
359  KERNEL32.GetSystemDefaultLCID                      ifx.obl(EventsPriv.obs)
360  KERNEL32.GetSystemDefaultLangID                    ifx.obl(EventsPriv.obs)
361  KERNEL32.GetSystemDefaultUILanguage                ifx.obl(EventsPriv.obs)
362  KERNEL32.GetTickCount                              ifx.obl(EventsPriv.obs)
363  KERNEL32.GetUserDefaultLangID                      ifx.obl(EventsPriv.obs)
364  KERNEL32.GetVersion                                ifx.obl(EventsPriv.obs)
365  KERNEL32.GetVersionEx                              ifx.obl(EventsPriv.obs)
366  KERNEL32.GetVolumeInformation                      ifx.obl(EventsPriv.obs)
367  KERNEL32.GetWindowsDirectory                       ifx.obl(EventsPriv.obs)
368  KERNEL32.LoadLibraryA                              ifx.obl(EventsPriv.obs)
369  KERNEL32.RemoveDirectoryA                          ifx.obl(EventsPriv.obs)
370  KERNEL32.SetCurrentDirectoryA                      ifx.obl(EventsPriv.obs)
371  KERNEL32.SetFileAttributesA                        ifx.obl(EventsPriv.obs)
372  KERNEL32.Sleep                                     ifx.obl(EventsPriv.obs)
373  KERNEL32.WritePrivateProfileString                 ifx.obl(EventsPriv.obs)
374  KERNEL32.WritePrivateProfileStringA                ifx.obl(EventsPriv.obs)
375  KERNEL32.WriteProfileStringA                       ifx.obl(EventsPriv.obs)
376  KERNEL32.lstrlen                                   ifx.obl(EventsPriv.obs)
377  LOBYTE                                             isrt.obl(Misc.obs)
378  LOWORD                                             isrt.obl(Misc.obs)
379  LaunchApp                                          isrt.obl(Extend.obs)
380  LaunchAppAndWait                                   isrt.obl(Extend.obs)
381  LaunchAppAndWaitInitStartupInfo                    isrt.obl(Extend.obs)
382  ListAddItem                                        isrt.obl(scrlist.obs)
383  ListAddString                                      isrt.obl(scrlist.obs)
384  ListCount                                          isrt.obl(scrlist.obs)
385  ListCreate                                         isrt.obl(scrlist.obs)
386  ListCurrentString                                  isrt.obl(scrlist.obs)
387  ListDeleteItem                                     isrt.obl(scrlist.obs)
388  ListDeleteString                                   isrt.obl(scrlist.obs)
389  ListDestroy                                        isrt.obl(scrlist.obs)
390  ListFindString                                     isrt.obl(scrlist.obs)
391  ListGetFirstItem                                   isrt.obl(scrlist.obs)
392  ListGetFirstString                                 isrt.obl(scrlist.obs)
393  ListGetNextItem                                    isrt.obl(scrlist.obs)
394  ListGetNextString                                  isrt.obl(scrlist.obs)
395  ListGetType                                        isrt.obl(scrlist.obs)
396  ListSetIndex                                       isrt.obl(scrlist.obs)
397  ListValid                                          isrt.obl(scrlist.obs)
398  ListValidType                                      isrt.obl(scrlist.obs)
399  LoadStringFromStringTable                          isrt.obl(Str.obs)
400  LogReadCustomString                                isrt.obl(Misc.obs)
401  LogReadCustomVariant                               isrt.obl(Misc.obs)
402  LogWriteCustomString                               isrt.obl(Misc.obs)
403  LogWriteCustomVariant                              isrt.obl(Misc.obs)
404  LongPathFromShortPath                              isrt.obl(Str.obs)
405  LongPathToQuote                                    isrt.obl(Str.obs)
406  LongPathToShortPath                                isrt.obl(Str.obs)
407  MAKELONG                                           isrt.obl(Misc.obs)
408  MIFCreateMIFFile                                   isrt.obl(MIF.obs)
409  MIFDeleteMIFFile                                   isrt.obl(MIF.obs)
410  MIFInitialize                                      isrt.obl(MIF.obs)
411  MIFSetInformation                                  isrt.obl(MIF.obs)
412  MIFUnInitialize                                    isrt.obl(MIF.obs)
413  MIFWasSetInformationCalled                         isrt.obl(MIF.obs)
414  MIOShutdown                                        isrt.obl(MIO.obs)
415  MIOStartup                                         isrt.obl(MIO.obs)
416  MaintenanceStart                                   isrt.obl(Registry.obs)
417  MediaGetData                                       isrt.obl(Feature.obs)
418  MediaGetDataEx                                     isrt.obl(Feature.obs)
419  MessageBeep                                        isrt.obl(Misc.obs)
420  MessageBox                                         isrt.obl(MsgBox.obs)
421  MessageBoxEx                                       isrt.obl(MsgBox.obs)
422  OnAbort                                            ifx.obl(EventsSetup.obs)
423  OnAppSearch                                        ifx.obl(EventsSetup.obs)
424  OnBegin                                            ifx.obl(EventsSetup.obs)
425  OnCCPSearch                                        ifx.obl(EventsSetup.obs)
426  OnCanceling                                        ifx.obl(EventsSetup.obs)
427  OnCheckMediaPassword                               ifx.obl(EventsSetup.obs)
428  OnComponentError                                   ifx.obl(EventsSetup.obs)
429  OnCustomizeUninstInfo                              ifx.obl(EventsSetup.obs)
430  OnEnd                                              ifx.obl(EventsSetup.obs)
431  OnFileError                                        ifx.obl(EventsSetup.obs)
432  OnFileLocked                                       ifx.obl(EventsSetup.obs)
433  OnFileReadOnly                                     ifx.obl(EventsSetup.obs)
434  OnFilterComponents                                 ifx.obl(EventsSetup.obs)
435  OnFirstUIAfter                                     Setup.obs
436  OnFirstUIBefore                                    Setup.obs
437  OnHelp                                             ifx.obl(EventsSetup.obs)
438  OnIISCheckRequirements                             ifx.obl(EventsPriv.obs)
439  OnIISComponentInstalled                            ifx.obl(EventsPriv.obs)
440  OnIISInitialize                                    ifx.obl(EventsPriv.obs)
441  OnIISUninitialize                                  ifx.obl(EventsPriv.obs)
442  OnIISVRootUninstalling                             ifx.obl(EventsPriv.obs)
443  OnInstalledFile                                    ifx.obl(EventsSetup.obs)
444  OnInstalledFontFile                                ifx.obl(EventsSetup.obs)
445  OnInstallingFile                                   ifx.obl(EventsSetup.obs)
446  OnInternetError                                    ifx.obl(EventsSetup.obs)
447  OnLaunchAppAndWaitCallback                         isrt.obl(Extend.obs)
448  OnMD5Error                                         ifx.obl(EventsSetup.obs)
449  OnMaintUIAfter                                     Setup.obs
450  OnMaintUIBefore                                    Setup.obs
451  OnMoveData                                         ifx.obl(EventsSetup.obs)
452  OnMoved                                            ifx.obl(EventsSetup.obs)
453  OnMoving                                           Setup.obs
454  OnNextDisk                                         ifx.obl(EventsSetup.obs)
455  OnRebooted                                         ifx.obl(EventsSetup.obs)
456  OnRemovingSharedFile                               ifx.obl(EventsSetup.obs)
457  OnSQLBatchScripts                                  ifx.obl(EventsPriv.obs)
458  OnSQLComponentInstalled                            ifx.obl(EventsPriv.obs)
459  OnSQLComponentUninstalled                          ifx.obl(EventsPriv.obs)
460  OnSQLServerInitialize                              ifx.obl(EventsPriv.obs)
461  OnSQLServerInitializeMaint                         ifx.obl(EventsPriv.obs)
462  OnSelfRegistrationError                            ifx.obl(EventsSetup.obs)
463  OnSetTARGETDIR                                     ifx.obl(EventsSetup.obs)
464  OnSetUpdateMode                                    ifx.obl(EventsSetup.obs)
465  OnShowUI                                           ifx.obl(EventsSetup.obs)
466  OnUnhandledException                               ifx.obl(EventsPriv.obs)
467  OnUninstall                                        ifx.obl(EventsSetup.obs)
468  OnUninstalledFile                                  ifx.obl(EventsSetup.obs)
469  OnUninstallingFile                                 ifx.obl(EventsSetup.obs)
470  OnUninstallingFontFile                             ifx.obl(EventsSetup.obs)
471  OnUpdateUIAfter                                    ifx.obl(EventsSetup.obs)
472  OnUpdateUIBefore                                   ifx.obl(EventsSetup.obs)
473  OpenFileMode                                       isrt.obl(Files.obs)
474  PCRestoreInit                                      isrt.obl(PCRestore.obs)
475  PCRestoreOnAbort                                   isrt.obl(PCRestore.obs)
476  PCRestoreOnBegin                                   isrt.obl(PCRestore.obs)
477  PCRestoreOnExit                                    isrt.obl(PCRestore.obs)
478  ParsePath                                          isrt.obl(Str.obs)
479  Postprogram                                        ifx.obl(EventsSetupPriv.obs)
480  Preprogram                                         ifx.obl(EventsSetupPriv.obs)
481  ProgDefGroupType                                   isrt.obl(Shell.obs)
482  ProgGetGroupType                                   isrt.obl(Shell.obs)
483  PthFixPath                                         isrt.obl(Pth.obs)
484  PthIsAbsPath                                       isrt.obl(Pth.obs)
485  PthIsRoot                                          isrt.obl(Pth.obs)
486  ReadProperties                                     ifx.obl(PersistPropertyBag.obs)
487  Rebooted                                           isrt.obl(Driver.obs)
488  RegDBCreateKeyEx                                   isrt.obl(Registry.obs)
489  RegDBDeleteValue                                   isrt.obl(Registry.obs)
490  RegDBGetDefaultRoot                                isrt.obl(SysVars.obs)
491  RegDBGetItem                                       isrt.obl(Registry.obs)
492  RegDBGetKeyValueEx                                 isrt.obl(Registry.obs)
493  RegDBKeyExist                                      isrt.obl(Registry.obs)
494  RegDBQueryKey                                      isrt.obl(Registry.obs)
495  RegDBQueryKeyCount                                 isrt.obl(Registry.obs)
496  RegDBQueryStringMultiStringCount                   isrt.obl(Registry.obs)
497  RegDBQueryValue                                    isrt.obl(Registry.obs)
498  RegDBSetDefaultRoot                                isrt.obl(SysVars.obs)
499  RegDBSetItem                                       isrt.obl(Registry.obs)
500  RegDBSetKeyValueEx                                 isrt.obl(Registry.obs)
501  RegDBSetValue                                      isrt.obl(Registry.obs)
502  RegDBSetVersion                                    isrt.obl(Registry.obs)
503  RegisterFontResource                               isrt.obl(Misc.obs)
504  ReleaseDialog                                      isrt.obl(CustomDialog.obs)
505  SdAskDestPath                                      isrt.obl(SdAskDestPathDlg.obs)
506  SdCloseDlg                                         isrt.obl(SDINT.obs)
507  SdComponentDlgCheckSpace                           isrt.obl(SDINT.obs)
508  SdDlgToTop                                         isrt.obl(SDINT.obs)
509  SdDoStdButton                                      isrt.obl(SDINT.obs)
510  SdEnablement                                       isrt.obl(SDINT.obs)
511  SdError                                            isrt.obl(SDINT.obs)
512  SdExceptionsInit                                   isrt.obl(SdExceptions.obs)
513  SdFeatureTree                                      isrt.obl(SdComponentTreeDlg.obs)
514  SdFinish                                           isrt.obl(SdFinishDlg.obs)
515  SdFinishEx                                         isrt.obl(SdFinishEx.obs)
516  SdFinishReboot                                     isrt.obl(SdFinishRebootDlg.obs)
517  SdGeneralInit                                      isrt.obl(SDINT.obs)
518  SdInit                                             isrt.obl(SDINT.obs)
519  SdIsStdButton                                      isrt.obl(SDINT.obs)
520  SdLoadString                                       isrt.obl(SDINT.obs)
521  SdMakeName                                         isrt.obl(SDINT.obs)
522  SdPlugInProductName                                isrt.obl(SDINT.obs)
523  SdSetDlgTitle                                      isrt.obl(SDINT.obs)
524  SdSetStatic                                        isrt.obl(SDINT.obs)
525  SdSetupTypeEx                                      isrt.obl(SdSetupTypeExDlg.obs)
526  SdShowMsg                                          isrt.obl(SDSMSG.obs)
527  SdStartCopy                                        isrt.obl(SdStartCopyDlg.obs)
528  SdSubstituteProductInfo                            isrt.obl(SDINT.obs)
529  SdUnInit                                           isrt.obl(SDINT.obs)
530  SdWelcome                                          isrt.obl(SdWelcomeDlg.obs)
531  SdWelcomeMaint                                     isrt.obl(SdWelcomeMaintDlg.obs)
532  SelectDir                                          isrt.obl(SelectDir.obs)
533  SelectDirNoLog                                     isrt.obl(SelectDir.obs)
534  SendMessage                                        isrt.obl(Misc.obs)
535  ServiceInitParams                                  isrt.obl(Service.obs)
536  SetCmdLine                                         isrt.obl(SysVars.obs)
537  SetDialogTitle                                     isrt.obl(Dialogs.obs)
538  SetDisplayEffect                                   isrt.obl(ui.obs)
539  SetExtendedErrInfo                                 isrt.obl(IsUtil.obs)
540  SetFolderDesktop                                   isrt.obl(SysVars.obs)
541  SetFolderPrograms                                  isrt.obl(SysVars.obs)
542  SetFolderStartMenu                                 isrt.obl(SysVars.obs)
543  SetFolderStartup                                   isrt.obl(SysVars.obs)
544  SetStatus                                          ifx.obl(EventsSetupPriv.obs)
545  SetStatusEx                                        ifx.obl(EventsSetupPriv.obs)
546  SetStatusWindow                                    isrt.obl(ui.obs)
547  SetTitle                                           isrt.obl(ui.obs)
548  SetupTraceWrite                                    isrt.obl(Misc.obs)
549  ShowObjWizardPages                                 isrt.obl(Objects.obs)
550  ShowWizardPages                                    isrt.obl(Driver.obs)
551  SilentCreateFile                                   isrt.obl(Silent.obs)
552  SilentDoGeneralInfo                                isrt.obl(Silent.obs)
553  SilentFailed                                       isrt.obl(Silent.obs)
554  SilentFinish                                       isrt.obl(Silent.obs)
555  SilentInit                                         isrt.obl(Silent.obs)
556  SilentLogWriteData                                 isrt.obl(Silent.obs)
557  SilentReadData                                     isrt.obl(Silent.obs)
558  SilentSetInfo                                      isrt.obl(Silent.obs)
559  SilentSetMode                                      isrt.obl(Silent.obs)
560  SilentWriteData                                    isrt.obl(Silent.obs)
561  Sprintf                                            isrt.obl(Str.obs)
562  SprintfBox                                         isrt.obl(MsgBox.obs)
563  StatusUpdate                                       isrt.obl(ui.obs)
564  StrAddLastSlash                                    isrt.obl(Str.obs)
565  StrFindEx                                          isrt.obl(Str.obs)
566  StrGetTokens                                       isrt.obl(Str.obs)
567  StrLength                                          isrt.obl(Str.obs)
568  StrRemoveLastSlash                                 isrt.obl(Str.obs)
569  StrRemoveSpaces                                    isrt.obl(Str.obs)
570  StrReplace                                         isrt.obl(Str.obs)
571  StrToNumHex                                        isrt.obl(Str.obs)
572  StrToUpper                                         isrt.obl(Str.obs)
573  SysVarsInit                                        isrt.obl(SysVars.obs)
574  SysVarsTrace                                       isrt.obl(SysVars.obs)
575  SysVarsUnInit                                      isrt.obl(SysVars.obs)
576  System                                             isrt.obl(Misc.obs)
577  TextSubGetValue                                    isrt.obl(TextSub.obs)
578  TextSubParseTextSub                                isrt.obl(TextSub.obs)
579  TextSubSetValue                                    isrt.obl(TextSub.obs)
580  Tomcat_Installed                                   Setup.obs
581  Tomcat_Installing                                  Setup.obs
582  Tomcat_UnInstalled                                 Setup.obs
583  Tomcat_UnInstalling                                Setup.obs
584  TreeViewCreate                                     isrt.obl(CmptView.obs)
585  USER.EnableWindow                                  Setup.obs
586  USER.GetClassName                                  Setup.obs
587  USER.GetDC                                         Setup.obs
588  USER.GetDlgItem                                    Setup.obs
589  USER.GetFocus                                      Setup.obs
590  USER.GetWindowLong                                 Setup.obs
591  USER.IsIconic                                      Setup.obs
592  USER.IsWindow                                      Setup.obs
593  USER.IsWindowVisible                               ifx.obl(EventsPriv.obs)
594  USER.PostMessage                                   Setup.obs
595  USER.ReleaseDC                                     Setup.obs
596  USER.SendMessageA                                  ifx.obl(EventsPriv.obs)
597  USER.SetFocus                                      Setup.obs
598  USER.SetForegroundWindow                           ifx.obl(EventsPriv.obs)
599  USER.SetWindowPos                                  Setup.obs
600  USER.SetWindowText                                 Setup.obs
601  USER.ShowWindow                                    Setup.obs
602  USER32.CharUpperBuffA                              ifx.obl(EventsPriv.obs)
603  USER32.DispatchMessage                             ifx.obl(EventsPriv.obs)
604  USER32.GetSystemMetrics                            ifx.obl(EventsPriv.obs)
605  USER32.GetWindowText                               ifx.obl(EventsPriv.obs)
606  USER32.GetWindowTextLength                         ifx.obl(EventsPriv.obs)
607  USER32.MessageBoxA                                 ifx.obl(EventsPriv.obs)
608  USER32.MsgWaitForMultipleObjects                   ifx.obl(EventsPriv.obs)
609  USER32.PeekMessageA                                ifx.obl(EventsPriv.obs)
610  USER32.SendMessageA                                ifx.obl(EventsPriv.obs)
611  USER32.SetWindowLong                               ifx.obl(EventsPriv.obs)
612  USER32.SetWindowRgn                                ifx.obl(EventsPriv.obs)
613  USER32.TranslateMessage                            ifx.obl(EventsPriv.obs)
614  UpdateServiceCreateEntryPoints                     isrt.obl(ISUpdateService.obs)
615  UpdateServiceInitTargets                           isrt.obl(ISUpdateService.obs)
616  UpdateServiceRegisterProduct                       isrt.obl(ISUpdateService.obs)
617  UpdateServiceSetHost                               isrt.obl(ISUpdateService.obs)
618  UpdateServiceSetLanguage                           isrt.obl(ISUpdateService.obs)
619  VarRestore                                         isrt.obl(SysVars.obs)
620  VarSave                                            isrt.obl(SysVars.obs)
621  VerProductCompareVersions                          isrt.obl(version.obs)
622  VerProductGetInstalledVersion                      isrt.obl(version.obs)
623  VerProductIsVersionSupported                       isrt.obl(version.obs)
624  VerProductNumToStr                                 isrt.obl(version.obs)
625  VerProductStrToNum                                 isrt.obl(version.obs)
626  VerProductVerFromVerParts                          isrt.obl(version.obs)
627  VerProductVerPartsFromVer                          isrt.obl(version.obs)
628  WaitOnDialog                                       isrt.obl(CustomDialog.obs)
629  WizardDirection                                    ifx.obl(EventsSetupPriv.obs)
630  WriteLine                                          isrt.obl(Files.obs)
631  WriteProfInt                                       isrt.obl(Profile.obs)
632  WriteProfString                                    isrt.obl(Profile.obs)
633  WriteProperties                                    ifx.obl(PersistPropertyBag.obs)
634  YukonClient_Installing                             Setup.obs
635  YukonServer_Installed                              Setup.obs
636  YukonServer_Installing                             Setup.obs
637  YukonServer_UnInstalling                           Setup.obs
638  YukonServiceManager_Installed                      Setup.obs
639  YukonServiceManager_Installing                     Setup.obs
640  YukonServiceManager_UnInstalling                   Setup.obs
641  _HandleException                                   isrt.obl(exceptions.obs)
642  __ISRTDoExit                                       isrt.obl(Misc.obs)
643  __ISRTInit                                         isrt.obl(ISRTInit.obs)
644  __ISRTRestoreMainLog                               isrt.obl(ISRTInit.obs)
645  __ISRTRestoreMainLogEx                             isrt.obl(ISRTInit.obs)
646  __ISRTSetComponentLog                              isrt.obl(ISRTInit.obs)
647  __ISRTUnInit                                       isrt.obl(ISRTInit.obs)
648  __LoadIScriptString                                isrt.obl(LoadStr.obs)
649  program                                            ifx.obl(EventsSetupPriv.obs)
650  sfc.SRSetRestorePoint                              Setup.obs


***** External Variables *****
1    ADDREMOVE                                          isrt.obl(DebugSymbols.obs)
2    ADDREMOVE_COMBINEDBUTTON                           Setup.obs
3    ADDREMOVE_HIDECHANGEOPTION                         Setup.obs
4    ADDREMOVE_HIDEREMOVEOPTION                         Setup.obs
5    ADDREMOVE_HIDEREPAIROPTION                         Setup.obs
6    ADDREMOVE_STRING_REMOVEONLY                        Setup.obs
7    ADDREMOVE_SYSTEMCOMPONENT                          Setup.obs
8    ADMINUSER                                          Setup.obs
9    ALLUSERS                                           Setup.obs
10   BATCH_INSTALL                                      Setup.obs
11   CMDLINE                                            isrt.obl(DebugSymbols.obs)
12   COMMONFILES                                        isrt.obl(DebugSymbols.obs)
13   DISABLE_ALLUSERBTN                                 Setup.obs
14   DISABLE_PERUSERBTN                                 Setup.obs
15   DISK1TARGET                                        Setup.obs
16   ENABLED_ISERVICES                                  isrt.obl(DebugSymbols.obs)
17   ENGINECOMMONDIR                                    isrt.obl(DebugSymbols.obs)
18   ENGINEDIR                                          isrt.obl(DebugSymbols.obs)
19   ERRORFILENAME                                      Setup.obs
20   Err                                                Setup.obs
21   FILETIME                                           ifx.obl(EventsPriv.obs)
22   FIND_DATA                                          ifx.obl(EventsPriv.obs)
23   FOLDER_APPDATA                                     isrt.obl(DebugSymbols.obs)
24   FOLDER_DESKTOP                                     isrt.obl(DebugSymbols.obs)
25   FOLDER_FONTS                                       isrt.obl(DebugSymbols.obs)
26   FOLDER_PERSONAL                                    isrt.obl(DebugSymbols.obs)
27   FOLDER_PROGRAMS                                    isrt.obl(DebugSymbols.obs)
28   FOLDER_STARTMENU                                   isrt.obl(DebugSymbols.obs)
29   FOLDER_STARTUP                                     isrt.obl(DebugSymbols.obs)
30   FOLDER_TEMP                                        isrt.obl(DebugSymbols.obs)
31   FileRegistrar                                      Setup.obs
32   HKEYCURRENTROOTKEY                                 Setup.obs
33   IFX_COMPANY_NAME                                   Setup.obs
34   IFX_DISK1INSTALLED                                 Setup.obs
35   IFX_INITIALIZED                                    Setup.obs
36   IFX_INSTALLED_DISPLAY_VERSION                      Setup.obs
37   IFX_INSTALLED_VERSION                              Setup.obs
38   IFX_KEYPATH_PRODUCT_INFO                           Setup.obs
39   IFX_MULTI_INSTANCE_SUFFIX                          Setup.obs
40   IFX_PRODUCT_COMMENTS                               Setup.obs
41   IFX_PRODUCT_DISPLAY_NAME                           Setup.obs
42   IFX_PRODUCT_DISPLAY_VERSION                        Setup.obs
43   IFX_PRODUCT_ICON                                   Setup.obs
44   IFX_PRODUCT_KEY                                    Setup.obs
45   IFX_PRODUCT_NAME                                   Setup.obs
46   IFX_PRODUCT_README                                 Setup.obs
47   IFX_PRODUCT_REGISTEREDCOMPANY                      Setup.obs
48   IFX_PRODUCT_REGISTEREDOWNER                        Setup.obs
49   IFX_PRODUCT_REGISTEREDSERIALNUM                    Setup.obs
50   IFX_PRODUCT_SUPPORT_CONTACT                        Setup.obs
51   IFX_PRODUCT_SUPPORT_PHONE                          Setup.obs
52   IFX_PRODUCT_SUPPORT_URL                            Setup.obs
53   IFX_PRODUCT_UPDATE_URL                             Setup.obs
54   IFX_PRODUCT_URL                                    Setup.obs
55   IFX_PRODUCT_VERSION                                Setup.obs
56   IFX_SETUP_TITLE                                    Setup.obs
57   IFX_SUPPORTED_VERSIONS                             Setup.obs
58   IISROOTFOLDER                                      isrt.obl(DebugSymbols.obs)
59   INSTALLSCRIPTMSI                                   isrt.obl(DebugSymbols.obs)
60   INSTANCE_GUID                                      isrt.obl(DebugSymbols.obs)
61   ISRES                                              isrt.obl(DebugSymbols.obs)
62   ISUSER                                             isrt.obl(DebugSymbols.obs)
63   ISUTIL_FUNCTION_ACTUAL_ERROR                       Setup.obs
64   ISUTIL_LINE_NUMBER                                 Setup.obs
65   ISUTIL_SCRIPT_FILE                                 Setup.obs
66   ISVERSION                                          isrt.obl(DebugSymbols.obs)
67   InetSRCDIR                                         Setup.obs
68   LAAW_PARAMETERS                                    Setup.obs
69   LAAW_PROCESS_INFORMATION                           Setup.obs
70   LAAW_STARTUPINFO                                   Setup.obs
71   LAST_RESULT                                        Setup.obs
72   LogDB                                              Setup.obs
73   MAINTENANCE                                        isrt.obl(DebugSymbols.obs)
74   MAINT_OPTION                                       isrt.obl(DebugSymbols.obs)
75   MEDIA                                              Setup.obs
76   MEDIA_INFO                                         isrt.obl(Feature.obs)
77   MODE                                               Setup.obs
78   MSG                                                ifx.obl(EventsPriv.obs)
79   MULTI_INSTANCE_COUNT                               isrt.obl(DebugSymbols.obs)
80   MainWindow                                         Setup.obs
81   NOTHING                                            Setup.obs
82   OSINFO_PLATFORM_INFO                               Setup.obs
83   OSVERSIONINFO                                      ifx.obl(EventsPriv.obs)
84   OSVERSIONINFOEX                                    ifx.obl(EventsPriv.obs)
85   Objects                                            Setup.obs
86   PACKAGE_LOCATION                                   isrt.obl(DebugSymbols.obs)
87   POINT                                              ifx.obl(EventsPriv.obs)
88   PRIVILEGED                                         Setup.obs
89   PROCESS_INFORMATION                                Setup.obs
90   PRODUCT_GUID                                       isrt.obl(DebugSymbols.obs)
91   PROGRAMFILES                                       isrt.obl(DebugSymbols.obs)
92   RECT                                               ifx.obl(EventsPriv.obs)
93   REMOVEALLMODE                                      isrt.obl(DebugSymbols.obs)
94   REMOVEONLY                                         isrt.obl(DebugSymbols.obs)
95   Reboot                                             Setup.obs
96   SELECTED_LANGUAGE                                  isrt.obl(DebugSymbols.obs)
97   SERVICE_IS_PARAMS                                  Setup.obs
98   SHELL_OBJECT_FOLDER                                Setup.obs
99   SHOW_PASSWORD_DIALOG                               isrt.obl(DebugSymbols.obs)
100  SRCDIR                                             Setup.obs
101  SRCDISK                                            isrt.obl(DebugSymbols.obs)
102  STARTUPINFO                                        Setup.obs
103  SUPPORTDIR                                         isrt.obl(DebugSymbols.obs)
104  SYSTEMTIME                                         ifx.obl(EventsPriv.obs)
105  SetupInfo                                          Setup.obs
106  StatusDlg                                          Setup.obs
107  TARGETDIR                                          Setup.obs
108  TARGETDISK                                         isrt.obl(DebugSymbols.obs)
109  TextSub                                            Setup.obs
110  UNINST                                             Setup.obs
111  UNINSTALLKEY                                       Setup.obs
112  UNINSTALL_DISPLAYNAME                              Setup.obs
113  UNINSTALL_STRING                                   Setup.obs
114  UPDATEMODE                                         Setup.obs
115  WINDIR                                             isrt.obl(DebugSymbols.obs)
116  WINDISK                                            isrt.obl(DebugSymbols.obs)
117  WINSYSDIR                                          isrt.obl(DebugSymbols.obs)
118  WINSYSDISK                                         isrt.obl(DebugSymbols.obs)
119  _FONTFILEINFO                                      Setup.obs
120  _INT64                                             Setup.obs
121  _LAAW_PARAMETERS                                   Setup.obs
122  _LAAW_TEMP_DATA                                    isrt.obl(Extend.obs)
123  _RESTOREINFO_                                      Setup.obs
124  _RESTOREPTINFO                                     Setup.obs
125  _SERVICE_IS_PARAMS                                 Setup.obs
126  _SMGRSTATUS                                        Setup.obs
127  _SMGSTATUS_                                        Setup.obs
128  _WIN9X                                             Setup.obs
129  _WINNT                                             Setup.obs
130  __SYSTEMINFORMATION                                Setup.obs
131  __hContext                                         isrt.obl(AskYesNo.obs)
132  __objGlobalTextSub                                 Setup.obs
133  __szGUID                                           isrt.obl(ISRTInit.obs)
134  bBackButton                                        Setup.obs
135  bCancelButton                                      Setup.obs
136  bEnterDiskBeep                                     isrt.obl(AskDestPathDlg.obs)
137  bFinishButton                                      Setup.obs
138  bIFXLFNoToAll                                      Setup.obs
139  bIFXLFOnRebootToAll                                Setup.obs
140  bIFXLFYesToAll                                     Setup.obs
141  bIFXMD5IgnoreToAll                                 Setup.obs
142  bIFXRONoToAll                                      Setup.obs
143  bIFXROYesToAll                                     Setup.obs
144  bIFXSFNoToAll                                      Setup.obs
145  bIFXSFYesToAll                                     Setup.obs
146  bIfxPCHInitialized                                 Setup.obs
147  bIfxPCHOn                                          Setup.obs
148  bInstall16                                         Setup.obs
149  bNextButton                                        Setup.obs
150  bSdInit                                            Setup.obs
151  bViewCmptKunits                                    Setup.obs
152  bViewCmptUseDecimal                                Setup.obs
153  g_bSuppressMissingStringWarning                    isrt.obl(Enable.obs)
154  nIfxPCHType                                        Setup.obs
155  szAppKey                                           Setup.obs
156  szSdProduct                                        Setup.obs
157  szSdStr_NotEnoughSpace                             Setup.obs
