***** External Functions *****
1    AddFolderIcon                                      isrt.obl(Shell.obs)
2    AddFontRegistrationToLog                           isrt.obl(Misc.obs)
3    AppSearch                                          isrt.obl(Driver.obs)
4    AskOptions                                         isrt.obl(AskOptionsDlg.obs)
5    AskYesNo                                           isrt.obl(AskYesNo.obs)
6    CCPSearch                                          isrt.obl(Driver.obs)
7    ChangeDirectory                                    isrt.obl(Files.obs)
8    CloseFile                                          isrt.obl(Files.obs)
9    CmdGetHwndDlg                                      isrt.obl(CustomDialog.obs)
10   ComponentAddFileToLog                              isrt.obl(component.obs)
11   ComponentCompareSizeRequired                       isrt.obl(component.obs)
12   ComponentGetData                                   isrt.obl(component.obs)
13   ComponentGetTotalCost                              isrt.obl(component.obs)
14   ComponentIsItemSelected                            isrt.obl(component.obs)
15   ComponentListItems                                 isrt.obl(component.obs)
16   ComponentSelectItem                                isrt.obl(component.obs)
17   ComponentSetTarget                                 isrt.obl(component.obs)
18   ComponentTreeInit                                  isrt.obl(Dialogs.obs)
19   CopyFile                                           isrt.obl(Files.obs)
20   CreateDir                                          isrt.obl(Files.obs)
21   CreateFile                                         isrt.obl(Files.obs)
22   CreateInstallationInfo                             isrt.obl(Registry.obs)
23   CreateRegistrySet                                  isrt.obl(Feature.obs)
24   CtrlGetNotificationCode                            isrt.obl(CustomDialog.obs)
25   CtrlGetState                                       isrt.obl(CustomDialog.obs)
26   CtrlGetText                                        isrt.obl(CustomDialog.obs)
27   CtrlSelectText                                     isrt.obl(CustomDialog.obs)
28   CtrlSetState                                       isrt.obl(CustomDialog.obs)
29   CtrlSetText                                        isrt.obl(CustomDialog.obs)
30   DefineDialog                                       isrt.obl(CustomDialog.obs)
31   Delay                                              isrt.obl(Misc.obs)
32   DeleteDir                                          isrt.obl(Files.obs)
33   DeleteFile                                         isrt.obl(Files.obs)
34   DialogSetDefaultFont                               isrt.obl(Dialogs.obs)
35   DialogSetFont                                      isrt.obl(Dialogs.obs)
36   DialogSetInfo                                      isrt.obl(Dialogs.obs)
37   Disable                                            isrt.obl(Enable.obs)
38   DllSizeOf                                          isrt.obl(Str.obs)
39   Do                                                 isrt.obl(Misc.obs)
40   Enable                                             isrt.obl(Enable.obs)
41   EndCurrentDialog                                   isrt.obl(Dialogs.obs)
42   EndDialog                                          isrt.obl(CustomDialog.obs)
43   EnterDisk                                          isrt.obl(EnterDisk.obs)
44   EnterPassword                                      isrt.obl(EnterPasswordDlg.obs)
45   ExistsDir                                          isrt.obl(Files.obs)
46   ExistsDisk                                         isrt.obl(Files.obs)
47   ExitInstall                                        isrt.obl(Driver.obs)
48   EzDefineDialog                                     isrt.obl(CustomDialog.obs)
49   FeatureAddFileToLog                                isrt.obl(Feature.obs)
50   FeatureCompareSizeRequired                         isrt.obl(Feature.obs)
51   FeatureErrorInfo                                   isrt.obl(Feature.obs)
52   FeatureFilterLanguage                              isrt.obl(Feature.obs)
53   FeatureFilterOS                                    isrt.obl(Feature.obs)
54   FeatureGetData                                     isrt.obl(Feature.obs)
55   FeatureGetTotalCost                                isrt.obl(Feature.obs)
56   FeatureIsItemSelected                              isrt.obl(Feature.obs)
57   FeatureListItems                                   isrt.obl(Feature.obs)
58   FeaturePatch                                       isrt.obl(Feature.obs)
59   FeatureReinstall                                   isrt.obl(Feature.obs)
60   FeatureRemoveAll                                   isrt.obl(Feature.obs)
61   FeatureRemoveAllInLogOnly                          isrt.obl(Feature.obs)
62   FeatureRemoveAllInMedia                            isrt.obl(Feature.obs)
63   FeatureRemoveAllInMediaAndLog                      isrt.obl(Feature.obs)
64   FeatureSaveTarget                                  isrt.obl(Feature.obs)
65   FeatureSelectItem                                  isrt.obl(Feature.obs)
66   FeatureSelectNew                                   isrt.obl(Feature.obs)
67   FeatureSetTarget                                   isrt.obl(Feature.obs)
68   FeatureTransferData                                isrt.obl(Feature.obs)
69   FeatureValidate                                    isrt.obl(Feature.obs)
70   FinalConstruct                                     ifx.obl(EventsPriv.obs)
71   FinalRelease                                       ifx.obl(EventsPriv.obs)
72   FindAllDirs                                        isrt.obl(Files.obs)
73   FindFile                                           isrt.obl(Files.obs)
74   FormatMessage                                      isrt.obl(Misc.obs)
75   GDI32.AddFontResource                              ifx.obl(EventsPriv.obs)
76   GDI32.CreateRectRgn                                ifx.obl(EventsPriv.obs)
77   GDI32.GetDeviceCaps                                ifx.obl(EventsPriv.obs)
78   GDI32.RemoveFontResource                           ifx.obl(EventsPriv.obs)
79   GetBillboard                                       isrt.obl(SysVars.obs)
80   GetCommonFiles                                     isrt.obl(SysVars.obs)
81   GetCurrentDialogName                               isrt.obl(Dialogs.obs)
82   GetDialogTitle                                     isrt.obl(Dialogs.obs)
83   GetDir                                             isrt.obl(Str.obs)
84   GetDisk                                            isrt.obl(Str.obs)
85   GetDiskSpace                                       isrt.obl(GSI.obs)
86   GetDiskSpaceEx                                     isrt.obl(GSI.obs)
87   GetEnabledIServices                                isrt.obl(SysVars.obs)
88   GetEngineDir                                       isrt.obl(SysVars.obs)
89   GetErrorMsg                                        isrt.obl(Dialogs.obs)
90   GetErrorTitle                                      isrt.obl(Dialogs.obs)
91   GetExtents                                         isrt.obl(GSI.obs)
92   GetFolderApplications                              isrt.obl(SysVars.obs)
93   GetFolderFonts                                     isrt.obl(SysVars.obs)
94   GetFolderPrograms                                  isrt.obl(SysVars.obs)
95   GetFolderStartMenu                                 isrt.obl(SysVars.obs)
96   GetISRes                                           isrt.obl(SysVars.obs)
97   GetInstallScriptMSI                                isrt.obl(SysVars.obs)
98   GetInstanceGUID                                    isrt.obl(SysVars.obs)
99   GetKeyPathWinCurrVerAuto                           isrt.obl(SysVars.obs)
100  GetLog                                             isrt.obl(SysVars.obs)
101  GetLogEx                                           isrt.obl(SysVars.obs)
102  GetMaintOption                                     isrt.obl(SysVars.obs)
103  GetMaintenance                                     isrt.obl(SysVars.obs)
104  GetMultiInstanceCount                              isrt.obl(SysVars.obs)
105  GetOpenFileMode                                    isrt.obl(Files.obs)
106  GetPackageLocation                                 isrt.obl(SysVars.obs)
107  GetProductGUID                                     isrt.obl(SysVars.obs)
108  GetProfSectionKeyCount                             isrt.obl(Profile.obs)
109  GetProfString                                      isrt.obl(Profile.obs)
110  GetProfStringList                                  isrt.obl(Profile.obs)
111  GetProgramFiles                                    isrt.obl(SysVars.obs)
112  GetRemoveAllMode                                   isrt.obl(SysVars.obs)
113  GetSelectedLanguage                                isrt.obl(SysVars.obs)
114  GetSelectedTreeComponent                           isrt.obl(CmptView.obs)
115  GetShowPasswordDialog                              isrt.obl(SysVars.obs)
116  GetSupportDir                                      isrt.obl(SysVars.obs)
117  GetSystemInfo                                      isrt.obl(GSI.obs)
118  GetTempFolder                                      isrt.obl(SysVars.obs)
119  GetTrueTypeFontFileInfo                            isrt.obl(Misc.obs)
120  GetUserSelectableAuto                              isrt.obl(SysVars.obs)
121  GetWinDir                                          isrt.obl(SysVars.obs)
122  GetWinSysDir                                       isrt.obl(SysVars.obs)
123  GetWindowHandle                                    isrt.obl(Misc.obs)
124  HIBYTE                                             isrt.obl(Misc.obs)
125  HIWORD                                             isrt.obl(Misc.obs)
126  ISDeterminePlatform                                isrt.obl(OsInfo.obs)
127  ISMIF32.InstallStatusMIF                           isrt.obl(MIF.obs)
128  ISRT.AddIcon                                       isrt.obl(Shell.obs)
129  ISRT.ComponentViewSetInfoEx                        isrt.obl(Dialogs.obs)
130  ISRT.EnableHourGlass                               isrt.obl(Enable.obs)
131  ISRT.GetCPUType                                    isrt.obl(GSI.obs)
132  ISRT.GetFontSub                                    isrt.obl(Dialogs.obs)
133  ISRT.GetHandle                                     Setup.obs
134  ISRT.GetPorts                                      isrt.obl(GSI.obs)
135  ISRT.IsEmpty                                       Setup.obs
136  ISRT.IsNTAdmin                                     isrt.obl(Is.obs)
137  ISRT.IsObject                                      Setup.obs
138  ISRT.IsPowerUser                                   isrt.obl(Is.obs)
139  ISRT.LangLoadString                                isrt.obl(SDINT.obs)
140  ISRT.MessageBeepP                                  Setup.obs
141  ISRT.PathCompactPathPixel                          isrt.obl(CustomDialog.obs)
142  ISRT.PathGetDir                                    isrt.obl(Str.obs)
143  ISRT.PathGetDrive                                  isrt.obl(Str.obs)
144  ISRT.PathGetFile                                   isrt.obl(Files.obs)
145  ISRT.PathGetFileExt                                isrt.obl(Str.obs)
146  ISRT.PathGetFileName                               isrt.obl(Str.obs)
147  ISRT.PathGetLongFromShort                          isrt.obl(Str.obs)
148  ISRT.PathGetPath                                   isrt.obl(Str.obs)
149  ISRT.PathGetSpecialFolder                          isrt.obl(SysVars.obs)
150  ISRT.PathIsValidSyntax                             isrt.obl(Is.obs)
151  ISRT.VerGetFileVersion                             Setup.obs
152  ISRT._AppSearch                                    Setup.obs
153  ISRT._BrowseForFolder                              isrt.obl(SelectDir.obs)
154  ISRT._CCPSearch                                    Setup.obs
155  ISRT._CleanupInet                                  isrt.obl(MIO.obs)
156  ISRT._CloseFile                                    isrt.obl(Files.obs)
157  ISRT._CmdGetHwndDlg                                isrt.obl(CustomDialog.obs)
158  ISRT._ComponentCompareSizeRequired                 isrt.obl(Feature.obs)
159  ISRT._ComponentErrorInfo                           isrt.obl(Feature.obs)
160  ISRT._ComponentFilterLanguage                      isrt.obl(Feature.obs)
161  ISRT._ComponentFilterOS                            isrt.obl(Feature.obs)
162  ISRT._ComponentGetData                             isrt.obl(Feature.obs)
163  ISRT._ComponentGetTotalCost                        isrt.obl(Feature.obs)
164  ISRT._ComponentGetTotalCostEx                      isrt.obl(SdComponentTreeDlg.obs)
165  ISRT._ComponentIsItemSelected                      isrt.obl(Feature.obs)
166  ISRT._ComponentListItems                           isrt.obl(Feature.obs)
167  ISRT._ComponentPatch                               isrt.obl(Feature.obs)
168  ISRT._ComponentReinstall                           isrt.obl(Feature.obs)
169  ISRT._ComponentRemoveAll                           isrt.obl(Feature.obs)
170  ISRT._ComponentRemoveAllInLogOnly                  isrt.obl(Feature.obs)
171  ISRT._ComponentSaveTarget                          isrt.obl(Feature.obs)
172  ISRT._ComponentSelectItem                          isrt.obl(Feature.obs)
173  ISRT._ComponentSelectNew                           isrt.obl(Feature.obs)
174  ISRT._ComponentTransferData                        isrt.obl(Feature.obs)
175  ISRT._ComponentValidate                            isrt.obl(Feature.obs)
176  ISRT._CreateDir                                    isrt.obl(Files.obs)
177  ISRT._CreateRegistrySet                            isrt.obl(Feature.obs)
178  ISRT._CtrlGetNotificationCode                      isrt.obl(CustomDialog.obs)
179  ISRT._DefineDialog                                 isrt.obl(CustomDialog.obs)
180  ISRT._DialogSetFont                                isrt.obl(Dialogs.obs)
181  ISRT._DisableStatus                                isrt.obl(Enable.obs)
182  ISRT._DoSprintf                                    isrt.obl(MsgBox.obs)
183  ISRT._EnableDialogCache                            isrt.obl(Enable.obs)
184  ISRT._EnablePrevDialog                             isrt.obl(AskDestPathDlg.obs)
185  ISRT._EnableSkins                                  isrt.obl(Enable.obs)
186  ISRT._EnableStatus                                 isrt.obl(Enable.obs)
187  ISRT._EndDialog                                    isrt.obl(CustomDialog.obs)
188  ISRT._ExistsDir                                    isrt.obl(Files.obs)
189  ISRT._ExistsDisk                                   isrt.obl(Files.obs)
190  ISRT._ExistsFile                                   isrt.obl(Files.obs)
191  ISRT._ExitInstall                                  Setup.obs
192  ISRT._FileCopy                                     isrt.obl(Files.obs)
193  ISRT._GetCurrentDialogName                         isrt.obl(Dialogs.obs)
194  ISRT._GetDiskSpaceEx                               isrt.obl(GSI.obs)
195  ISRT._GetDiskSpaceExEx                             isrt.obl(SdComponentTreeDlg.obs)
196  ISRT._GetGlobalMemorySize                          isrt.obl(GSI.obs)
197  ISRT._GetSelectedTreeComponent                     isrt.obl(CmptView.obs)
198  ISRT._GetSupportDir                                isrt.obl(SysVars.obs)
199  ISRT._GetTrueTypeFontFileInfo                      isrt.obl(Misc.obs)
200  ISRT._InetEndofTransfer                            isrt.obl(iftw.obs)
201  ISRT._InetGetNextDisk                              isrt.obl(iftw.obs)
202  ISRT._InitInstall                                  Setup.obs
203  ISRT._IsFontTypefaceNameAvailable                  isrt.obl(Is.obs)
204  ISRT._IsSkinLoaded                                 isrt.obl(Is.obs)
205  ISRT._IsWindowsME                                  isrt.obl(GSI.obs)
206  ISRT._ListAddItem                                  isrt.obl(scrlist.obs)
207  ISRT._ListAddString                                isrt.obl(scrlist.obs)
208  ISRT._ListCount                                    isrt.obl(scrlist.obs)
209  ISRT._ListCreate                                   isrt.obl(scrlist.obs)
210  ISRT._ListCurrentString                            isrt.obl(scrlist.obs)
211  ISRT._ListDeleteItem                               isrt.obl(scrlist.obs)
212  ISRT._ListDeleteString                             isrt.obl(scrlist.obs)
213  ISRT._ListDestroy                                  isrt.obl(scrlist.obs)
214  ISRT._ListFindString                               isrt.obl(scrlist.obs)
215  ISRT._ListGetFirstItem                             isrt.obl(scrlist.obs)
216  ISRT._ListGetFirstString                           isrt.obl(scrlist.obs)
217  ISRT._ListGetNextItem                              isrt.obl(scrlist.obs)
218  ISRT._ListGetNextString                            isrt.obl(scrlist.obs)
219  ISRT._ListGetType                                  isrt.obl(scrlist.obs)
220  ISRT._ListSetIndex                                 isrt.obl(scrlist.obs)
221  ISRT._MediaGetInfo                                 isrt.obl(Feature.obs)
222  ISRT._OnUninstPriv                                 Setup.obs
223  ISRT._OpenFile                                     isrt.obl(Files.obs)
224  ISRT._Preprogram                                   Setup.obs
225  ISRT._Rebooted                                     Setup.obs
226  ISRT._RegCreateKey                                 isrt.obl(Registry.obs)
227  ISRT._RegDeleteValue                               isrt.obl(Registry.obs)
228  ISRT._RegEnableTextSubs                            isrt.obl(Enable.obs)
229  ISRT._RegEnum                                      isrt.obl(Registry.obs)
230  ISRT._RegExistsKey                                 isrt.obl(Registry.obs)
231  ISRT._RegIsRemoteRegConnected                      isrt.obl(Is.obs)
232  ISRT._RegQueryKeyBinaryValue                       isrt.obl(Registry.obs)
233  ISRT._RegQueryKeyValue                             isrt.obl(Registry.obs)
234  ISRT._RegSetKeyBinaryValue                         isrt.obl(Registry.obs)
235  ISRT._RegSetKeyValue                               isrt.obl(Registry.obs)
236  ISRT._ReleaseDialog                                isrt.obl(CustomDialog.obs)
237  ISRT._SdShowMsg                                    isrt.obl(SDSMSG.obs)
238  ISRT._SetAltMainImage                              isrt.obl(Dialogs.obs)
239  ISRT._SetDisplayEffect                             isrt.obl(ui.obs)
240  ISRT._SetPaletteFile                               isrt.obl(MIO.obs)
241  ISRT._SetSilentSdShowMsg                           isrt.obl(Enable.obs)
242  ISRT._SetTitle                                     isrt.obl(ui.obs)
243  ISRT._SetupInet                                    isrt.obl(MIO.obs)
244  ISRT._SetupTraceWrite                              isrt.obl(Misc.obs)
245  ISRT._ShowObjWizardPages                           isrt.obl(Objects.obs)
246  ISRT._ShowWizardPages                              Setup.obs
247  ISRT._StatusUpdate                                 isrt.obl(ui.obs)
248  ISRT._TreeViewCreate                               isrt.obl(CmptView.obs)
249  ISRT._WaitOnDialog                                 isrt.obl(CustomDialog.obs)
250  ISRT._WriteLine                                    isrt.obl(Files.obs)
251  ISRT.__CreateObjectContext                         isrt.obl(ISRTInit.obs)
252  ISRT.__GetCmdLineOptions                           isrt.obl(ISRTInit.obs)
253  ISRT.__GetContextGUID                              isrt.obl(ISRTInit.obs)
254  ISRT.__GetEnabledIServices                         isrt.obl(SysVars.obs)
255  ISRT.__GetFileRegistrar                            isrt.obl(ISRTInit.obs)
256  ISRT.__GetInfo                                     isrt.obl(ISRTInit.obs)
257  ISRT.__GetInstallGuid                              isrt.obl(SysVars.obs)
258  ISRT.__GetLog                                      isrt.obl(SysVars.obs)
259  ISRT.__GetLogDB                                    isrt.obl(ISRTInit.obs)
260  ISRT.__GetLogEx                                    isrt.obl(SysVars.obs)
261  ISRT.__GetMainWindow                               Setup.obs
262  ISRT.__GetMaintOption                              isrt.obl(SysVars.obs)
263  ISRT.__GetMaintenanceMode                          isrt.obl(SysVars.obs)
264  ISRT.__GetObjects                                  isrt.obl(ISRTInit.obs)
265  ISRT.__GetProductGuid                              isrt.obl(SysVars.obs)
266  ISRT.__GetProgress                                 Setup.obs
267  ISRT.__GetReboot                                   isrt.obl(ISRTInit.obs)
268  ISRT.__GetRemoveAllMode                            isrt.obl(SysVars.obs)
269  ISRT.__GetTextSub                                  isrt.obl(ISRTInit.obs)
270  ISRT.__GetUpdateMode                               isrt.obl(SysVars.obs)
271  ISRT.__GetUser                                     isrt.obl(MIO.obs)
272  ISRT.__ISRTGetPropertyBag                          ifx.obl(PersistPropertyBag.obs)
273  ISRT.__ISRTReleasePropertyBag                      ifx.obl(PersistPropertyBag.obs)
274  ISRT.__LoadString                                  isrt.obl(LoadStr.obs)
275  ISRT.__PutEnabledIServices                         isrt.obl(Enable.obs)
276  ISRT.__ReleaseObjectContext                        isrt.obl(ISRTInit.obs)
277  ISRT.__RestoreMainLog                              isrt.obl(ISRTInit.obs)
278  ISRT.__RestoreMainLogEx                            isrt.obl(ISRTInit.obs)
279  ISRT.__SetComponentLog                             isrt.obl(ISRTInit.obs)
280  ISRT.__SetUpdateMode                               isrt.obl(SysVars.obs)
281  ISRTOnUninstPriv                                   isrt.obl(Driver.obs)
282  ISRTPreprogram                                     isrt.obl(Driver.obs)
283  IfxFilterComponents                                ifx.obl(EventsSetupPriv.obs)
284  IfxFinalConstruct                                  ifx.obl(EventsSetupPriv.obs)
285  IfxFinalRelease                                    ifx.obl(EventsSetupPriv.obs)
286  IfxInitProperties                                  ifx.obl(PersistPropertyBag.obs)
287  IfxOnAbortInstall                                  ifx.obl(EventsPriv.obs)
288  IfxOnAppSearch                                     ifx.obl(EventsPriv.obs)
289  IfxOnCCPSearch                                     ifx.obl(EventsPriv.obs)
290  IfxOnCanceling                                     ifx.obl(EventsPriv.obs)
291  IfxOnDisk1Installed                                ifx.obl(EventsSetupPriv.obs)
292  IfxOnDisk1Installing                               ifx.obl(EventsSetupPriv.obs)
293  IfxOnExitInstall                                   ifx.obl(EventsSetupPriv.obs)
294  IfxOnFileError                                     ifx.obl(EventsSetupPriv.obs)
295  IfxOnFileLocked                                    ifx.obl(EventsSetupPriv.obs)
296  IfxOnFileReadOnly                                  ifx.obl(EventsSetupPriv.obs)
297  IfxOnGeneralScriptOp                               ifx.obl(EventsPriv.obs)
298  IfxOnHelp                                          ifx.obl(EventsPriv.obs)
299  IfxOnInitInstall                                   ifx.obl(EventsSetupPriv.obs)
300  IfxOnInternetError                                 ifx.obl(EventsSetupPriv.obs)
301  IfxOnMD5Error                                      ifx.obl(EventsSetupPriv.obs)
302  IfxOnNextDisk                                      ifx.obl(EventsSetupPriv.obs)
303  IfxOnRebooted                                      ifx.obl(EventsPriv.obs)
304  IfxOnRemovingSharedFile                            ifx.obl(EventsSetupPriv.obs)
305  IfxOnShowWizardPages                               ifx.obl(EventsSetupPriv.obs)
306  IfxOnTransferred                                   ifx.obl(EventsPriv.obs)
307  IfxOnTransferring                                  ifx.obl(EventsSetupPriv.obs)
308  IfxOnUnhandledException                            ifx.obl(EventsPriv.obs)
309  IfxOnUninst                                        ifx.obl(EventsSetupPriv.obs)
310  IfxOnUninstPriv                                    ifx.obl(EventsSetupPriv.obs)
311  IfxPostprogram                                     ifx.obl(EventsSetupPriv.obs)
312  IfxPreprogram                                      ifx.obl(EventsSetupPriv.obs)
313  IfxReadProperties                                  ifx.obl(PersistPropertyBag.obs)
314  IfxRunAfterReboot                                  ifx.obl(EventsSetupPriv.obs)
315  IfxWriteProperties                                 ifx.obl(PersistPropertyBag.obs)
316  InetEndofTransfer                                  isrt.obl(iftw.obs)
317  InetNextDisk                                       isrt.obl(iftw.obs)
318  InitInstall                                        isrt.obl(Driver.obs)
319  InitProperties                                     ifx.obl(PersistPropertyBag.obs)
320  Is                                                 isrt.obl(Is.obs)
321  IsInetInstall                                      isrt.obl(iftw.obs)
322  KERNEL.GetModuleHandle                             Setup.obs
323  KERNEL32.CloseHandle                               ifx.obl(EventsPriv.obs)
324  KERNEL32.CreateFileA                               ifx.obl(EventsPriv.obs)
325  KERNEL32.CreateProcess                             ifx.obl(EventsPriv.obs)
326  KERNEL32.DeleteFileA                               ifx.obl(EventsPriv.obs)
327  KERNEL32.FindClose                                 ifx.obl(EventsPriv.obs)
328  KERNEL32.FindFirstFileA                            ifx.obl(EventsPriv.obs)
329  KERNEL32.FindNextFileA                             ifx.obl(EventsPriv.obs)
330  KERNEL32.FormatMessageA                            ifx.obl(EventsPriv.obs)
331  KERNEL32.FreeLibrary                               ifx.obl(EventsPriv.obs)
332  KERNEL32.GetCurrentDirectoryA                      isrt.obl(Extend.obs)
333  KERNEL32.GetDriveType                              ifx.obl(EventsPriv.obs)
334  KERNEL32.GetExitCodeProcess                        ifx.obl(EventsPriv.obs)
335  KERNEL32.GetFileAttributesA                        ifx.obl(EventsPriv.obs)
336  KERNEL32.GetLocalTime                              ifx.obl(EventsPriv.obs)
337  KERNEL32.GetLocaleInfo                             ifx.obl(EventsPriv.obs)
338  KERNEL32.GetPrivateProfileSectionA                 ifx.obl(EventsPriv.obs)
339  KERNEL32.GetPrivateProfileString                   ifx.obl(EventsPriv.obs)
340  KERNEL32.GetPrivateProfileStringA                  ifx.obl(EventsPriv.obs)
341  KERNEL32.GetProcAddress                            ifx.obl(EventsPriv.obs)
342  KERNEL32.GetProfileStringA                         ifx.obl(EventsPriv.obs)
343  KERNEL32.GetShortPathNameA                         ifx.obl(EventsPriv.obs)
344  KERNEL32.GetSystemDefaultLCID                      ifx.obl(EventsPriv.obs)
345  KERNEL32.GetSystemDefaultLangID                    ifx.obl(EventsPriv.obs)
346  KERNEL32.GetSystemDefaultUILanguage                ifx.obl(EventsPriv.obs)
347  KERNEL32.GetTickCount                              ifx.obl(EventsPriv.obs)
348  KERNEL32.GetUserDefaultLangID                      ifx.obl(EventsPriv.obs)
349  KERNEL32.GetVersion                                ifx.obl(EventsPriv.obs)
350  KERNEL32.GetVersionEx                              ifx.obl(EventsPriv.obs)
351  KERNEL32.GetVolumeInformation                      ifx.obl(EventsPriv.obs)
352  KERNEL32.GetWindowsDirectory                       ifx.obl(EventsPriv.obs)
353  KERNEL32.LoadLibraryA                              ifx.obl(EventsPriv.obs)
354  KERNEL32.RemoveDirectoryA                          ifx.obl(EventsPriv.obs)
355  KERNEL32.SetCurrentDirectoryA                      ifx.obl(EventsPriv.obs)
356  KERNEL32.SetFileAttributesA                        ifx.obl(EventsPriv.obs)
357  KERNEL32.Sleep                                     ifx.obl(EventsPriv.obs)
358  KERNEL32.WritePrivateProfileString                 ifx.obl(EventsPriv.obs)
359  KERNEL32.WritePrivateProfileStringA                ifx.obl(EventsPriv.obs)
360  KERNEL32.WriteProfileStringA                       ifx.obl(EventsPriv.obs)
361  KERNEL32.lstrlen                                   ifx.obl(EventsPriv.obs)
362  LOBYTE                                             isrt.obl(Misc.obs)
363  LOWORD                                             isrt.obl(Misc.obs)
364  LaunchApp                                          isrt.obl(Extend.obs)
365  LaunchAppAndWait                                   isrt.obl(Extend.obs)
366  LaunchAppAndWaitInitStartupInfo                    isrt.obl(Extend.obs)
367  ListAddItem                                        isrt.obl(scrlist.obs)
368  ListAddString                                      isrt.obl(scrlist.obs)
369  ListCount                                          isrt.obl(scrlist.obs)
370  ListCreate                                         isrt.obl(scrlist.obs)
371  ListCurrentString                                  isrt.obl(scrlist.obs)
372  ListDeleteItem                                     isrt.obl(scrlist.obs)
373  ListDeleteString                                   isrt.obl(scrlist.obs)
374  ListDestroy                                        isrt.obl(scrlist.obs)
375  ListFindString                                     isrt.obl(scrlist.obs)
376  ListGetFirstItem                                   isrt.obl(scrlist.obs)
377  ListGetFirstString                                 isrt.obl(scrlist.obs)
378  ListGetNextItem                                    isrt.obl(scrlist.obs)
379  ListGetNextString                                  isrt.obl(scrlist.obs)
380  ListGetType                                        isrt.obl(scrlist.obs)
381  ListSetIndex                                       isrt.obl(scrlist.obs)
382  ListValid                                          isrt.obl(scrlist.obs)
383  ListValidType                                      isrt.obl(scrlist.obs)
384  LoadStringFromStringTable                          isrt.obl(Str.obs)
385  LogReadCustomString                                isrt.obl(Misc.obs)
386  LogReadCustomVariant                               isrt.obl(Misc.obs)
387  LogWriteCustomString                               isrt.obl(Misc.obs)
388  LogWriteCustomVariant                              isrt.obl(Misc.obs)
389  LongPathFromShortPath                              isrt.obl(Str.obs)
390  LongPathToQuote                                    isrt.obl(Str.obs)
391  LongPathToShortPath                                isrt.obl(Str.obs)
392  MAKELONG                                           isrt.obl(Misc.obs)
393  MIFCreateMIFFile                                   isrt.obl(MIF.obs)
394  MIFDeleteMIFFile                                   isrt.obl(MIF.obs)
395  MIFInitialize                                      isrt.obl(MIF.obs)
396  MIFSetInformation                                  isrt.obl(MIF.obs)
397  MIFUnInitialize                                    isrt.obl(MIF.obs)
398  MIFWasSetInformationCalled                         isrt.obl(MIF.obs)
399  MIOShutdown                                        isrt.obl(MIO.obs)
400  MIOStartup                                         isrt.obl(MIO.obs)
401  MaintenanceStart                                   isrt.obl(Registry.obs)
402  MediaGetData                                       isrt.obl(Feature.obs)
403  MediaGetDataEx                                     isrt.obl(Feature.obs)
404  MessageBeep                                        isrt.obl(Misc.obs)
405  MessageBox                                         isrt.obl(MsgBox.obs)
406  MessageBoxEx                                       isrt.obl(MsgBox.obs)
407  OnAbort                                            ifx.obl(EventsSetup.obs)
408  OnAppSearch                                        ifx.obl(EventsSetup.obs)
409  OnBegin                                            ifx.obl(EventsSetup.obs)
410  OnCCPSearch                                        ifx.obl(EventsSetup.obs)
411  OnCanceling                                        ifx.obl(EventsSetup.obs)
412  OnCheckMediaPassword                               ifx.obl(EventsSetup.obs)
413  OnComponentError                                   ifx.obl(EventsSetup.obs)
414  OnCustomizeUninstInfo                              ifx.obl(EventsSetup.obs)
415  OnEnd                                              ifx.obl(EventsSetup.obs)
416  OnFileError                                        ifx.obl(EventsSetup.obs)
417  OnFileLocked                                       Setup.obs
418  OnFileReadOnly                                     ifx.obl(EventsSetup.obs)
419  OnFilterComponents                                 ifx.obl(EventsSetup.obs)
420  OnFirstUIAfter                                     Setup.obs
421  OnFirstUIBefore                                    Setup.obs
422  OnHelp                                             ifx.obl(EventsSetup.obs)
423  OnIISCheckRequirements                             ifx.obl(EventsPriv.obs)
424  OnIISComponentInstalled                            ifx.obl(EventsPriv.obs)
425  OnIISInitialize                                    ifx.obl(EventsPriv.obs)
426  OnIISUninitialize                                  ifx.obl(EventsPriv.obs)
427  OnIISVRootUninstalling                             ifx.obl(EventsPriv.obs)
428  OnInstalledFile                                    ifx.obl(EventsSetup.obs)
429  OnInstalledFontFile                                ifx.obl(EventsSetup.obs)
430  OnInstallingFile                                   ifx.obl(EventsSetup.obs)
431  OnInternetError                                    ifx.obl(EventsSetup.obs)
432  OnLaunchAppAndWaitCallback                         isrt.obl(Extend.obs)
433  OnMD5Error                                         ifx.obl(EventsSetup.obs)
434  OnMaintUIAfter                                     ifx.obl(EventsSetup.obs)
435  OnMaintUIBefore                                    Setup.obs
436  OnMoveData                                         ifx.obl(EventsSetup.obs)
437  OnMoved                                            ifx.obl(EventsSetup.obs)
438  OnMoving                                           Setup.obs
439  OnNextDisk                                         ifx.obl(EventsSetup.obs)
440  OnRebooted                                         ifx.obl(EventsSetup.obs)
441  OnRemovingSharedFile                               ifx.obl(EventsSetup.obs)
442  OnSQLBatchScripts                                  ifx.obl(EventsPriv.obs)
443  OnSQLComponentInstalled                            ifx.obl(EventsPriv.obs)
444  OnSQLComponentUninstalled                          ifx.obl(EventsPriv.obs)
445  OnSQLServerInitialize                              ifx.obl(EventsPriv.obs)
446  OnSQLServerInitializeMaint                         ifx.obl(EventsPriv.obs)
447  OnSelfRegistrationError                            ifx.obl(EventsSetup.obs)
448  OnSetTARGETDIR                                     ifx.obl(EventsSetup.obs)
449  OnSetUpdateMode                                    ifx.obl(EventsSetup.obs)
450  OnShowUI                                           ifx.obl(EventsSetup.obs)
451  OnUnhandledException                               ifx.obl(EventsPriv.obs)
452  OnUninstall                                        ifx.obl(EventsSetup.obs)
453  OnUninstalledFile                                  ifx.obl(EventsSetup.obs)
454  OnUninstallingFile                                 ifx.obl(EventsSetup.obs)
455  OnUninstallingFontFile                             ifx.obl(EventsSetup.obs)
456  OnUpdateUIAfter                                    ifx.obl(EventsSetup.obs)
457  OnUpdateUIBefore                                   ifx.obl(EventsSetup.obs)
458  OpenFileMode                                       isrt.obl(Files.obs)
459  PCRestoreInit                                      isrt.obl(PCRestore.obs)
460  PCRestoreOnAbort                                   isrt.obl(PCRestore.obs)
461  PCRestoreOnBegin                                   isrt.obl(PCRestore.obs)
462  PCRestoreOnExit                                    isrt.obl(PCRestore.obs)
463  ParsePath                                          isrt.obl(Str.obs)
464  Postprogram                                        ifx.obl(EventsSetupPriv.obs)
465  Preprogram                                         ifx.obl(EventsSetupPriv.obs)
466  ProgDefGroupType                                   isrt.obl(Shell.obs)
467  ProgGetGroupType                                   isrt.obl(Shell.obs)
468  PthFixPath                                         isrt.obl(Pth.obs)
469  PthIsAbsPath                                       isrt.obl(Pth.obs)
470  PthIsRoot                                          isrt.obl(Pth.obs)
471  ReadProperties                                     ifx.obl(PersistPropertyBag.obs)
472  Rebooted                                           isrt.obl(Driver.obs)
473  RegDBCreateKeyEx                                   isrt.obl(Registry.obs)
474  RegDBDeleteValue                                   isrt.obl(Registry.obs)
475  RegDBGetDefaultRoot                                isrt.obl(SysVars.obs)
476  RegDBGetItem                                       isrt.obl(Registry.obs)
477  RegDBGetKeyValueEx                                 isrt.obl(Registry.obs)
478  RegDBKeyExist                                      isrt.obl(Registry.obs)
479  RegDBQueryKey                                      isrt.obl(Registry.obs)
480  RegDBQueryKeyCount                                 isrt.obl(Registry.obs)
481  RegDBQueryStringMultiStringCount                   isrt.obl(Registry.obs)
482  RegDBQueryValue                                    isrt.obl(Registry.obs)
483  RegDBSetDefaultRoot                                isrt.obl(SysVars.obs)
484  RegDBSetItem                                       isrt.obl(Registry.obs)
485  RegDBSetKeyValueEx                                 isrt.obl(Registry.obs)
486  RegDBSetValue                                      isrt.obl(Registry.obs)
487  RegDBSetVersion                                    isrt.obl(Registry.obs)
488  RegisterFontResource                               isrt.obl(Misc.obs)
489  ReleaseDialog                                      isrt.obl(CustomDialog.obs)
490  SdAskDestPath                                      isrt.obl(SdAskDestPathDlg.obs)
491  SdCloseDlg                                         isrt.obl(SDINT.obs)
492  SdComponentDlgCheckSpace                           isrt.obl(SDINT.obs)
493  SdDlgToTop                                         isrt.obl(SDINT.obs)
494  SdDoStdButton                                      isrt.obl(SDINT.obs)
495  SdEnablement                                       isrt.obl(SDINT.obs)
496  SdError                                            isrt.obl(SDINT.obs)
497  SdExceptions                                       isrt.obl(SdExceptions.obs)
498  SdExceptionsInit                                   isrt.obl(SdExceptions.obs)
499  SdFeatureTree                                      isrt.obl(SdComponentTreeDlg.obs)
500  SdFinish                                           isrt.obl(SdFinishDlg.obs)
501  SdFinishReboot                                     isrt.obl(SdFinishRebootDlg.obs)
502  SdFinishUpdateEx                                   isrt.obl(SdFinishUpdate.obs)
503  SdGeneralInit                                      isrt.obl(SDINT.obs)
504  SdInit                                             isrt.obl(SDINT.obs)
505  SdIsStdButton                                      isrt.obl(SDINT.obs)
506  SdLoadString                                       isrt.obl(SDINT.obs)
507  SdMakeName                                         isrt.obl(SDINT.obs)
508  SdPlugInProductName                                isrt.obl(SDINT.obs)
509  SdSetDlgTitle                                      isrt.obl(SDINT.obs)
510  SdSetStatic                                        isrt.obl(SDINT.obs)
511  SdShowMsg                                          isrt.obl(SDSMSG.obs)
512  SdSubstituteProductInfo                            isrt.obl(SDINT.obs)
513  SdUnInit                                           isrt.obl(SDINT.obs)
514  SdWelcome                                          isrt.obl(SdWelcomeDlg.obs)
515  SdWelcomeMaint                                     isrt.obl(SdWelcomeMaintDlg.obs)
516  SelectDir                                          isrt.obl(SelectDir.obs)
517  SelectDirNoLog                                     isrt.obl(SelectDir.obs)
518  SendMessage                                        isrt.obl(Misc.obs)
519  ServiceInitParams                                  isrt.obl(Service.obs)
520  SetCmdLine                                         isrt.obl(SysVars.obs)
521  SetDialogTitle                                     isrt.obl(Dialogs.obs)
522  SetDisplayEffect                                   isrt.obl(ui.obs)
523  SetExtendedErrInfo                                 isrt.obl(IsUtil.obs)
524  SetFolderDesktop                                   isrt.obl(SysVars.obs)
525  SetFolderPrograms                                  isrt.obl(SysVars.obs)
526  SetFolderStartMenu                                 isrt.obl(SysVars.obs)
527  SetFolderStartup                                   isrt.obl(SysVars.obs)
528  SetStatus                                          ifx.obl(EventsSetupPriv.obs)
529  SetStatusEx                                        ifx.obl(EventsSetupPriv.obs)
530  SetStatusWindow                                    isrt.obl(ui.obs)
531  SetTitle                                           isrt.obl(ui.obs)
532  SetupTraceWrite                                    isrt.obl(Misc.obs)
533  ShowObjWizardPages                                 isrt.obl(Objects.obs)
534  ShowWizardPages                                    isrt.obl(Driver.obs)
535  SilentCreateFile                                   isrt.obl(Silent.obs)
536  SilentDoGeneralInfo                                isrt.obl(Silent.obs)
537  SilentFailed                                       isrt.obl(Silent.obs)
538  SilentFinish                                       isrt.obl(Silent.obs)
539  SilentInit                                         isrt.obl(Silent.obs)
540  SilentLogWriteData                                 isrt.obl(Silent.obs)
541  SilentReadData                                     isrt.obl(Silent.obs)
542  SilentSetInfo                                      isrt.obl(Silent.obs)
543  SilentSetMode                                      isrt.obl(Silent.obs)
544  SilentWriteData                                    isrt.obl(Silent.obs)
545  Sprintf                                            isrt.obl(Str.obs)
546  SprintfBox                                         isrt.obl(MsgBox.obs)
547  StatusUpdate                                       isrt.obl(ui.obs)
548  StrAddLastSlash                                    isrt.obl(Str.obs)
549  StrFindEx                                          isrt.obl(Str.obs)
550  StrGetTokens                                       isrt.obl(Str.obs)
551  StrLength                                          isrt.obl(Str.obs)
552  StrRemoveLastSlash                                 isrt.obl(Str.obs)
553  StrRemoveSpaces                                    isrt.obl(Str.obs)
554  StrReplace                                         isrt.obl(Str.obs)
555  StrToNumHex                                        isrt.obl(Str.obs)
556  StrToUpper                                         isrt.obl(Str.obs)
557  SysVarsInit                                        isrt.obl(SysVars.obs)
558  SysVarsTrace                                       isrt.obl(SysVars.obs)
559  SysVarsUnInit                                      isrt.obl(SysVars.obs)
560  System                                             isrt.obl(Misc.obs)
561  TextSubGetValue                                    isrt.obl(TextSub.obs)
562  TextSubParseTextSub                                isrt.obl(TextSub.obs)
563  TextSubSetValue                                    isrt.obl(TextSub.obs)
564  Tomcat_Installed                                   Setup.obs
565  Tomcat_Installing                                  Setup.obs
566  Tomcat_UnInstalled                                 Setup.obs
567  Tomcat_UnInstalling                                Setup.obs
568  TreeViewCreate                                     isrt.obl(CmptView.obs)
569  USER.EnableWindow                                  Setup.obs
570  USER.GetClassName                                  Setup.obs
571  USER.GetClientRect                                 Setup.obs
572  USER.GetDC                                         Setup.obs
573  USER.GetDlgItem                                    Setup.obs
574  USER.GetFocus                                      Setup.obs
575  USER.GetWindowLong                                 Setup.obs
576  USER.GetWindowRect                                 Setup.obs
577  USER.IsIconic                                      Setup.obs
578  USER.IsWindow                                      Setup.obs
579  USER.IsWindowVisible                               ifx.obl(EventsPriv.obs)
580  USER.MoveWindow                                    Setup.obs
581  USER.PostMessage                                   Setup.obs
582  USER.ReleaseDC                                     Setup.obs
583  USER.SendMessageA                                  ifx.obl(EventsPriv.obs)
584  USER.SetFocus                                      Setup.obs
585  USER.SetForegroundWindow                           ifx.obl(EventsPriv.obs)
586  USER.SetWindowPos                                  Setup.obs
587  USER.SetWindowText                                 Setup.obs
588  USER.ShowWindow                                    Setup.obs
589  USER32.CharUpperBuffA                              ifx.obl(EventsPriv.obs)
590  USER32.DispatchMessage                             ifx.obl(EventsPriv.obs)
591  USER32.DrawText                                    ifx.obl(EventsPriv.obs)
592  USER32.GetSystemMetrics                            ifx.obl(EventsPriv.obs)
593  USER32.GetWindowText                               ifx.obl(EventsPriv.obs)
594  USER32.GetWindowTextLength                         ifx.obl(EventsPriv.obs)
595  USER32.InvalidateRect                              ifx.obl(EventsPriv.obs)
596  USER32.MessageBoxA                                 ifx.obl(EventsPriv.obs)
597  USER32.MsgWaitForMultipleObjects                   ifx.obl(EventsPriv.obs)
598  USER32.PeekMessageA                                ifx.obl(EventsPriv.obs)
599  USER32.ScreenToClient                              ifx.obl(EventsPriv.obs)
600  USER32.SendMessageA                                ifx.obl(EventsPriv.obs)
601  USER32.SetWindowLong                               ifx.obl(EventsPriv.obs)
602  USER32.SetWindowRgn                                ifx.obl(EventsPriv.obs)
603  USER32.TranslateMessage                            ifx.obl(EventsPriv.obs)
604  UpdateServiceCheckForUpdates                       isrt.obl(ISUpdateService.obs)
605  UpdateServiceCreateEntryPoints                     isrt.obl(ISUpdateService.obs)
606  UpdateServiceInitTargets                           isrt.obl(ISUpdateService.obs)
607  UpdateServiceRegisterProduct                       isrt.obl(ISUpdateService.obs)
608  UpdateServiceSetHost                               isrt.obl(ISUpdateService.obs)
609  UpdateServiceSetLanguage                           isrt.obl(ISUpdateService.obs)
610  VarRestore                                         isrt.obl(SysVars.obs)
611  VarSave                                            isrt.obl(SysVars.obs)
612  VerProductCompareVersions                          isrt.obl(version.obs)
613  VerProductGetInstalledVersion                      isrt.obl(version.obs)
614  VerProductIsVersionSupported                       isrt.obl(version.obs)
615  VerProductNumToStr                                 isrt.obl(version.obs)
616  VerProductStrToNum                                 isrt.obl(version.obs)
617  VerProductVerFromVerParts                          isrt.obl(version.obs)
618  VerProductVerPartsFromVer                          isrt.obl(version.obs)
619  WaitOnDialog                                       isrt.obl(CustomDialog.obs)
620  WizardDirection                                    ifx.obl(EventsSetupPriv.obs)
621  WriteLine                                          isrt.obl(Files.obs)
622  WriteProfInt                                       isrt.obl(Profile.obs)
623  WriteProfString                                    isrt.obl(Profile.obs)
624  WriteProperties                                    ifx.obl(PersistPropertyBag.obs)
625  YukonRuntime_Installing                            Setup.obs
626  YukonRuntime_UnInstalling                          Setup.obs
627  YukonServer_Installed                              Setup.obs
628  YukonServer_Installing                             Setup.obs
629  YukonServiceManager_Installed                      Setup.obs
630  YukonServiceManager_Installing                     Setup.obs
631  YukonServiceManager_UnInstalling                   Setup.obs
632  _HandleException                                   isrt.obl(exceptions.obs)
633  _WinSubEnableControl                               isrt.obl(WINSUB.obs)
634  _WinSubEnableWindow                                isrt.obl(WINSUB.obs)
635  _WinSubGetChildWindow                              isrt.obl(WINSUB.obs)
636  _WinSubIsWindow                                    isrt.obl(WINSUB.obs)
637  __ISRTDoExit                                       isrt.obl(Misc.obs)
638  __ISRTInit                                         isrt.obl(ISRTInit.obs)
639  __ISRTRestoreMainLog                               isrt.obl(ISRTInit.obs)
640  __ISRTRestoreMainLogEx                             isrt.obl(ISRTInit.obs)
641  __ISRTSetComponentLog                              isrt.obl(ISRTInit.obs)
642  __ISRTUnInit                                       isrt.obl(ISRTInit.obs)
643  __LoadIScriptString                                isrt.obl(LoadStr.obs)
644  program                                            ifx.obl(EventsSetupPriv.obs)
645  removeLegacyShortcuts                              Setup.obs
646  sfc.SRSetRestorePoint                              Setup.obs


***** External Variables *****
1    ADDREMOVE                                          isrt.obl(DebugSymbols.obs)
2    ADDREMOVE_COMBINEDBUTTON                           Setup.obs
3    ADDREMOVE_HIDECHANGEOPTION                         Setup.obs
4    ADDREMOVE_HIDEREMOVEOPTION                         Setup.obs
5    ADDREMOVE_HIDEREPAIROPTION                         Setup.obs
6    ADDREMOVE_STRING_REMOVEONLY                        Setup.obs
7    ADDREMOVE_SYSTEMCOMPONENT                          Setup.obs
8    ADMINUSER                                          Setup.obs
9    ALLUSERS                                           Setup.obs
10   BATCH_INSTALL                                      Setup.obs
11   CMDLINE                                            isrt.obl(DebugSymbols.obs)
12   COMMONFILES                                        isrt.obl(DebugSymbols.obs)
13   DISABLE_ALLUSERBTN                                 Setup.obs
14   DISABLE_PERUSERBTN                                 Setup.obs
15   DISK1TARGET                                        Setup.obs
16   ENABLED_ISERVICES                                  isrt.obl(DebugSymbols.obs)
17   ENGINECOMMONDIR                                    isrt.obl(DebugSymbols.obs)
18   ENGINEDIR                                          isrt.obl(DebugSymbols.obs)
19   ERRORFILENAME                                      Setup.obs
20   Err                                                Setup.obs
21   FILETIME                                           ifx.obl(EventsPriv.obs)
22   FIND_DATA                                          ifx.obl(EventsPriv.obs)
23   FOLDER_APPDATA                                     isrt.obl(DebugSymbols.obs)
24   FOLDER_DESKTOP                                     isrt.obl(DebugSymbols.obs)
25   FOLDER_FONTS                                       isrt.obl(DebugSymbols.obs)
26   FOLDER_PERSONAL                                    isrt.obl(DebugSymbols.obs)
27   FOLDER_PROGRAMS                                    isrt.obl(DebugSymbols.obs)
28   FOLDER_STARTMENU                                   isrt.obl(DebugSymbols.obs)
29   FOLDER_STARTUP                                     isrt.obl(DebugSymbols.obs)
30   FOLDER_TEMP                                        isrt.obl(DebugSymbols.obs)
31   FileRegistrar                                      Setup.obs
32   HKEYCURRENTROOTKEY                                 Setup.obs
33   IFX_COMPANY_NAME                                   Setup.obs
34   IFX_DISK1INSTALLED                                 Setup.obs
35   IFX_INITIALIZED                                    Setup.obs
36   IFX_INSTALLED_DISPLAY_VERSION                      Setup.obs
37   IFX_INSTALLED_VERSION                              Setup.obs
38   IFX_KEYPATH_PRODUCT_INFO                           Setup.obs
39   IFX_MULTI_INSTANCE_SUFFIX                          Setup.obs
40   IFX_PRODUCT_COMMENTS                               Setup.obs
41   IFX_PRODUCT_DISPLAY_NAME                           Setup.obs
42   IFX_PRODUCT_DISPLAY_VERSION                        Setup.obs
43   IFX_PRODUCT_ICON                                   Setup.obs
44   IFX_PRODUCT_KEY                                    Setup.obs
45   IFX_PRODUCT_NAME                                   Setup.obs
46   IFX_PRODUCT_README                                 Setup.obs
47   IFX_PRODUCT_REGISTEREDCOMPANY                      Setup.obs
48   IFX_PRODUCT_REGISTEREDOWNER                        Setup.obs
49   IFX_PRODUCT_REGISTEREDSERIALNUM                    Setup.obs
50   IFX_PRODUCT_SUPPORT_CONTACT                        Setup.obs
51   IFX_PRODUCT_SUPPORT_PHONE                          Setup.obs
52   IFX_PRODUCT_SUPPORT_URL                            Setup.obs
53   IFX_PRODUCT_UPDATE_URL                             Setup.obs
54   IFX_PRODUCT_URL                                    Setup.obs
55   IFX_PRODUCT_VERSION                                Setup.obs
56   IFX_SETUP_TITLE                                    Setup.obs
57   IFX_SUPPORTED_VERSIONS                             Setup.obs
58   IISROOTFOLDER                                      isrt.obl(DebugSymbols.obs)
59   INSTALLSCRIPTMSI                                   isrt.obl(DebugSymbols.obs)
60   INSTANCE_GUID                                      isrt.obl(DebugSymbols.obs)
61   ISRES                                              isrt.obl(DebugSymbols.obs)
62   ISUSER                                             isrt.obl(DebugSymbols.obs)
63   ISUTIL_FUNCTION_ACTUAL_ERROR                       Setup.obs
64   ISUTIL_LINE_NUMBER                                 Setup.obs
65   ISUTIL_SCRIPT_FILE                                 Setup.obs
66   ISVERSION                                          isrt.obl(DebugSymbols.obs)
67   InetSRCDIR                                         Setup.obs
68   LAAW_PARAMETERS                                    Setup.obs
69   LAAW_PROCESS_INFORMATION                           Setup.obs
70   LAAW_STARTUPINFO                                   Setup.obs
71   LAST_RESULT                                        Setup.obs
72   LogDB                                              Setup.obs
73   MAINTENANCE                                        isrt.obl(DebugSymbols.obs)
74   MAINT_OPTION                                       isrt.obl(DebugSymbols.obs)
75   MEDIA                                              Setup.obs
76   MEDIA_INFO                                         isrt.obl(Feature.obs)
77   MODE                                               Setup.obs
78   MSG                                                ifx.obl(EventsPriv.obs)
79   MULTI_INSTANCE_COUNT                               isrt.obl(DebugSymbols.obs)
80   MainWindow                                         Setup.obs
81   NOTHING                                            Setup.obs
82   OSINFO_PLATFORM_INFO                               Setup.obs
83   OSVERSIONINFO                                      ifx.obl(EventsPriv.obs)
84   OSVERSIONINFOEX                                    ifx.obl(EventsPriv.obs)
85   Objects                                            Setup.obs
86   PACKAGE_LOCATION                                   isrt.obl(DebugSymbols.obs)
87   POINT                                              ifx.obl(EventsPriv.obs)
88   PRIVILEGED                                         Setup.obs
89   PROCESS_INFORMATION                                Setup.obs
90   PRODUCT_GUID                                       isrt.obl(DebugSymbols.obs)
91   PROGRAMFILES                                       isrt.obl(DebugSymbols.obs)
92   RECT                                               ifx.obl(EventsPriv.obs)
93   REMOVEALLMODE                                      isrt.obl(DebugSymbols.obs)
94   REMOVEONLY                                         isrt.obl(DebugSymbols.obs)
95   Reboot                                             Setup.obs
96   SELECTED_LANGUAGE                                  isrt.obl(DebugSymbols.obs)
97   SERVICE_IS_PARAMS                                  Setup.obs
98   SHELL_OBJECT_FOLDER                                Setup.obs
99   SHOW_PASSWORD_DIALOG                               isrt.obl(DebugSymbols.obs)
100  SRCDIR                                             Setup.obs
101  SRCDISK                                            isrt.obl(DebugSymbols.obs)
102  STARTUPINFO                                        Setup.obs
103  SUPPORTDIR                                         isrt.obl(DebugSymbols.obs)
104  SYSTEMTIME                                         ifx.obl(EventsPriv.obs)
105  SetupInfo                                          Setup.obs
106  StatusDlg                                          Setup.obs
107  TARGETDIR                                          Setup.obs
108  TARGETDISK                                         isrt.obl(DebugSymbols.obs)
109  TextSub                                            Setup.obs
110  UNINST                                             Setup.obs
111  UNINSTALLKEY                                       Setup.obs
112  UNINSTALL_DISPLAYNAME                              Setup.obs
113  UNINSTALL_STRING                                   Setup.obs
114  UPDATEMODE                                         Setup.obs
115  WINDIR                                             isrt.obl(DebugSymbols.obs)
116  WINDISK                                            isrt.obl(DebugSymbols.obs)
117  WINSYSDIR                                          isrt.obl(DebugSymbols.obs)
118  WINSYSDISK                                         isrt.obl(DebugSymbols.obs)
119  _FONTFILEINFO                                      Setup.obs
120  _INT64                                             Setup.obs
121  _LAAW_PARAMETERS                                   Setup.obs
122  _LAAW_TEMP_DATA                                    isrt.obl(Extend.obs)
123  _RESTOREINFO_                                      Setup.obs
124  _RESTOREPTINFO                                     Setup.obs
125  _SERVICE_IS_PARAMS                                 Setup.obs
126  _SMGRSTATUS                                        Setup.obs
127  _SMGSTATUS_                                        Setup.obs
128  _WIN9X                                             Setup.obs
129  _WINNT                                             Setup.obs
130  __SYSTEMINFORMATION                                Setup.obs
131  __hContext                                         isrt.obl(AskYesNo.obs)
132  __objGlobalTextSub                                 Setup.obs
133  __szGUID                                           isrt.obl(ISRTInit.obs)
134  bBackButton                                        Setup.obs
135  bCancelButton                                      Setup.obs
136  bEnterDiskBeep                                     isrt.obl(AskDestPathDlg.obs)
137  bFinishButton                                      Setup.obs
138  bIFXLFNoToAll                                      Setup.obs
139  bIFXLFOnRebootToAll                                Setup.obs
140  bIFXLFYesToAll                                     Setup.obs
141  bIFXMD5IgnoreToAll                                 Setup.obs
142  bIFXRONoToAll                                      Setup.obs
143  bIFXROYesToAll                                     Setup.obs
144  bIFXSFNoToAll                                      Setup.obs
145  bIFXSFYesToAll                                     Setup.obs
146  bIfxPCHInitialized                                 Setup.obs
147  bIfxPCHOn                                          Setup.obs
148  bInstall16                                         Setup.obs
149  bNextButton                                        Setup.obs
150  bSdInit                                            Setup.obs
151  bViewCmptKunits                                    Setup.obs
152  bViewCmptUseDecimal                                Setup.obs
153  g_bSuppressMissingStringWarning                    isrt.obl(Enable.obs)
154  nIfxPCHType                                        Setup.obs
155  szAppKey                                           Setup.obs
156  szSdProduct                                        Setup.obs
157  szSdStr_NotEnoughSpace                             Setup.obs
