***** External Functions *****
1    AddFontRegistrationToLog                           isrt.obl(Misc.obs)
2    AppSearch                                          isrt.obl(Driver.obs)
3    AskYesNo                                           isrt.obl(AskYesNo.obs)
4    CCPSearch                                          isrt.obl(Driver.obs)
5    ChangeDirectory                                    isrt.obl(Files.obs)
6    CloseFile                                          isrt.obl(Files.obs)
7    CmdGetHwndDlg                                      isrt.obl(CustomDialog.obs)
8    ComponentAddFileToLog                              isrt.obl(component.obs)
9    ComponentCompareSizeRequired                       isrt.obl(component.obs)
10   ComponentGetData                                   isrt.obl(component.obs)
11   ComponentGetTotalCost                              isrt.obl(component.obs)
12   ComponentIsItemSelected                            isrt.obl(component.obs)
13   ComponentListItems                                 isrt.obl(component.obs)
14   ComponentSelectItem                                isrt.obl(component.obs)
15   ComponentTreeInit                                  isrt.obl(Dialogs.obs)
16   CopyFile                                           isrt.obl(Files.obs)
17   CreateDir                                          isrt.obl(Files.obs)
18   CreateFile                                         isrt.obl(Files.obs)
19   CreateInstallationInfo                             isrt.obl(Registry.obs)
20   CreateRegistrySet                                  isrt.obl(Feature.obs)
21   CtrlGetNotificationCode                            isrt.obl(CustomDialog.obs)
22   CtrlGetState                                       isrt.obl(CustomDialog.obs)
23   CtrlGetText                                        isrt.obl(CustomDialog.obs)
24   CtrlSelectText                                     isrt.obl(CustomDialog.obs)
25   CtrlSetState                                       isrt.obl(CustomDialog.obs)
26   CtrlSetText                                        isrt.obl(CustomDialog.obs)
27   DIFxDriverPackageUninstall                         isrt.obl(ISDIFx.obs)
28   DRMINSTALLERPRO.DRMInstallPRO                      isrt.obl(Activation.obs)
29   DRMINSTALLERPRO.DRMUnInstallPRO                    isrt.obl(Activation.obs)
30   DefineDialog                                       isrt.obl(CustomDialog.obs)
31   Delay                                              isrt.obl(Misc.obs)
32   DeleteDir                                          isrt.obl(Files.obs)
33   DeleteFile                                         isrt.obl(Files.obs)
34   DeleteSingleFile                                   isrt.obl(Files.obs)
35   DialogSetDefaultFont                               isrt.obl(Dialogs.obs)
36   DialogSetFont                                      isrt.obl(Dialogs.obs)
37   DialogSetInfo                                      isrt.obl(Dialogs.obs)
38   Disable                                            isrt.obl(Enable.obs)
39   DllSizeOf                                          isrt.obl(Str.obs)
40   Do                                                 isrt.obl(Misc.obs)
41   Enable                                             isrt.obl(Enable.obs)
42   EndCurrentDialog                                   isrt.obl(Dialogs.obs)
43   EndDialog                                          isrt.obl(CustomDialog.obs)
44   EnterDisk                                          isrt.obl(EnterDisk.obs)
45   EnterPassword                                      isrt.obl(EnterPasswordDlg.obs)
46   ExistsDir                                          isrt.obl(Files.obs)
47   ExistsDisk                                         isrt.obl(Files.obs)
48   ExitInstall                                        isrt.obl(Driver.obs)
49   EzDefineDialog                                     isrt.obl(CustomDialog.obs)
50   FeatureAddFileToLog                                isrt.obl(Feature.obs)
51   FeatureCompareSizeRequired                         isrt.obl(Feature.obs)
52   FeatureErrorInfo                                   isrt.obl(Feature.obs)
53   FeatureFilterLanguage                              isrt.obl(Feature.obs)
54   FeatureFilterOS                                    isrt.obl(Feature.obs)
55   FeatureGetData                                     isrt.obl(Feature.obs)
56   FeatureGetTotalCost                                isrt.obl(Feature.obs)
57   FeatureIsItemSelected                              isrt.obl(Feature.obs)
58   FeatureListItems                                   isrt.obl(Feature.obs)
59   FeaturePatch                                       isrt.obl(Feature.obs)
60   FeatureReinstall                                   isrt.obl(Feature.obs)
61   FeatureRemoveAll                                   isrt.obl(Feature.obs)
62   FeatureRemoveAllInLogOnly                          isrt.obl(Feature.obs)
63   FeatureRemoveAllInMedia                            isrt.obl(Feature.obs)
64   FeatureRemoveAllInMediaAndLog                      isrt.obl(Feature.obs)
65   FeatureSaveTarget                                  isrt.obl(Feature.obs)
66   FeatureSelectItem                                  isrt.obl(Feature.obs)
67   FeatureSelectNew                                   isrt.obl(Feature.obs)
68   FeatureTransferData                                isrt.obl(Feature.obs)
69   FeatureValidate                                    isrt.obl(Feature.obs)
70   FinalConstruct                                     ifx.obl(EventsPriv.obs)
71   FinalRelease                                       ifx.obl(EventsPriv.obs)
72   FindAllDirs                                        isrt.obl(Files.obs)
73   FindFile                                           isrt.obl(Files.obs)
74   FormatMessage                                      isrt.obl(Misc.obs)
75   GDI32.AddFontResource                              ifx.obl(EventsPriv.obs)
76   GDI32.CreateRectRgn                                ifx.obl(EventsPriv.obs)
77   GDI32.GetDeviceCaps                                ifx.obl(EventsPriv.obs)
78   GDI32.RemoveFontResource                           ifx.obl(EventsPriv.obs)
79   GetAddRemove                                       isrt.obl(SysVars.obs)
80   GetBillboard                                       isrt.obl(SysVars.obs)
81   GetCurrentDialogName                               isrt.obl(Dialogs.obs)
82   GetCurrentDir                                      isrt.obl(Files.obs)
83   GetDialogTitle                                     isrt.obl(Dialogs.obs)
84   GetDir                                             isrt.obl(Str.obs)
85   GetDisk                                            isrt.obl(Str.obs)
86   GetDiskSpace                                       isrt.obl(GSI.obs)
87   GetDiskSpaceEx                                     isrt.obl(GSI.obs)
88   GetEnabledIServices                                isrt.obl(SysVars.obs)
89   GetErrorMsg                                        isrt.obl(Dialogs.obs)
90   GetErrorTitle                                      isrt.obl(Dialogs.obs)
91   GetExtents                                         isrt.obl(GSI.obs)
92   GetFolderApplications                              isrt.obl(SysVars.obs)
93   GetFolderApplications64                            isrt.obl(SysVars.obs)
94   GetFolderFonts                                     isrt.obl(SysVars.obs)
95   GetISRes                                           isrt.obl(SysVars.obs)
96   GetInstallScriptMSI                                isrt.obl(SysVars.obs)
97   GetInstanceGUID                                    isrt.obl(SysVars.obs)
98   GetKeyPathWinCurrVerAuto                           isrt.obl(SysVars.obs)
99   GetLog                                             isrt.obl(SysVars.obs)
100  GetLogEx                                           isrt.obl(SysVars.obs)
101  GetMaintOption                                     isrt.obl(SysVars.obs)
102  GetMaintenance                                     isrt.obl(SysVars.obs)
103  GetMultiInstanceCount                              isrt.obl(SysVars.obs)
104  GetOpenFileMode                                    isrt.obl(Files.obs)
105  GetPackageLocation                                 isrt.obl(SysVars.obs)
106  GetProductGUID                                     isrt.obl(SysVars.obs)
107  GetProfSectionKeyCount                             isrt.obl(Profile.obs)
108  GetProfString                                      isrt.obl(Profile.obs)
109  GetProfStringList                                  isrt.obl(Profile.obs)
110  GetProgramFiles                                    isrt.obl(SysVars.obs)
111  GetReinstallMode                                   isrt.obl(SysVars.obs)
112  GetRemoveAllMode                                   isrt.obl(SysVars.obs)
113  GetRemoveOnly                                      isrt.obl(SysVars.obs)
114  GetSelectedLanguage                                isrt.obl(SysVars.obs)
115  GetSelectedTreeComponent                           isrt.obl(CmptView.obs)
116  GetShowPasswordDialog                              isrt.obl(SysVars.obs)
117  GetSupportDir                                      isrt.obl(SysVars.obs)
118  GetSystemInfo                                      isrt.obl(GSI.obs)
119  GetTempFolder                                      isrt.obl(SysVars.obs)
120  GetTrueTypeFontFileInfo                            isrt.obl(Misc.obs)
121  GetUserSelectableAuto                              isrt.obl(SysVars.obs)
122  GetWinDir                                          isrt.obl(SysVars.obs)
123  GetWinSysDir                                       isrt.obl(SysVars.obs)
124  GetWindowHandle                                    isrt.obl(Misc.obs)
125  HIBYTE                                             isrt.obl(Misc.obs)
126  HIWORD                                             isrt.obl(Misc.obs)
127  ISDeterminePlatform                                isrt.obl(OsInfo.obs)
128  ISMIF32.InstallStatusMIF                           isrt.obl(MIF.obs)
129  ISRT.ComponentViewSetInfoEx                        isrt.obl(Dialogs.obs)
130  ISRT.EnableHourGlass                               isrt.obl(Enable.obs)
131  ISRT.GetCPUType                                    isrt.obl(GSI.obs)
132  ISRT.GetFontSub                                    isrt.obl(Dialogs.obs)
133  ISRT.GetHandle                                     Setup.obs
134  ISRT.GetPorts                                      isrt.obl(GSI.obs)
135  ISRT.IsEmpty                                       Setup.obs
136  ISRT.IsNTAdmin                                     isrt.obl(Is.obs)
137  ISRT.IsObject                                      Setup.obs
138  ISRT.IsPowerUser                                   isrt.obl(Is.obs)
139  ISRT.LangLoadString                                isrt.obl(SDINT.obs)
140  ISRT.MessageBeepP                                  Setup.obs
141  ISRT.PathCompactPathPixel                          isrt.obl(CustomDialog.obs)
142  ISRT.PathGetDir                                    isrt.obl(Str.obs)
143  ISRT.PathGetDrive                                  isrt.obl(Str.obs)
144  ISRT.PathGetFile                                   isrt.obl(Files.obs)
145  ISRT.PathGetFileExt                                isrt.obl(Str.obs)
146  ISRT.PathGetFileName                               isrt.obl(Str.obs)
147  ISRT.PathGetLongFromShort                          isrt.obl(Str.obs)
148  ISRT.PathGetPath                                   isrt.obl(Str.obs)
149  ISRT.PathGetSpecialFolder                          isrt.obl(SysVars.obs)
150  ISRT.PathIsValidSyntax                             isrt.obl(Is.obs)
151  ISRT._AppSearch                                    Setup.obs
152  ISRT._BrowseForFolder                              isrt.obl(SelectDir.obs)
153  ISRT._CCPSearch                                    Setup.obs
154  ISRT._CleanupInet                                  isrt.obl(MIO.obs)
155  ISRT._CloseFile                                    isrt.obl(Files.obs)
156  ISRT._CmdGetHwndDlg                                isrt.obl(CustomDialog.obs)
157  ISRT._ComponentCompareSizeRequired                 isrt.obl(Feature.obs)
158  ISRT._ComponentErrorInfo                           isrt.obl(Feature.obs)
159  ISRT._ComponentFilterLanguage                      isrt.obl(Feature.obs)
160  ISRT._ComponentFilterOS                            isrt.obl(Feature.obs)
161  ISRT._ComponentGetData                             isrt.obl(Feature.obs)
162  ISRT._ComponentGetTotalCost                        isrt.obl(Feature.obs)
163  ISRT._ComponentGetTotalCostEx                      isrt.obl(SdComponentTreeDlg.obs)
164  ISRT._ComponentIsItemSelected                      isrt.obl(Feature.obs)
165  ISRT._ComponentListItems                           isrt.obl(Feature.obs)
166  ISRT._ComponentPatch                               isrt.obl(Feature.obs)
167  ISRT._ComponentReinstall                           isrt.obl(Feature.obs)
168  ISRT._ComponentRemoveAll                           isrt.obl(Feature.obs)
169  ISRT._ComponentRemoveAllInLogOnly                  isrt.obl(Feature.obs)
170  ISRT._ComponentSaveTarget                          isrt.obl(Feature.obs)
171  ISRT._ComponentSelectItem                          isrt.obl(Feature.obs)
172  ISRT._ComponentSelectNew                           isrt.obl(Feature.obs)
173  ISRT._ComponentTransferData                        isrt.obl(Feature.obs)
174  ISRT._ComponentValidate                            isrt.obl(Feature.obs)
175  ISRT._CreateDir                                    isrt.obl(Files.obs)
176  ISRT._CreateRegistrySet                            isrt.obl(Feature.obs)
177  ISRT._CtrlGetNotificationCode                      isrt.obl(CustomDialog.obs)
178  ISRT._DIFxDriverPackageUninstall                   isrt.obl(ISDIFx.obs)
179  ISRT._DefineDialog                                 isrt.obl(CustomDialog.obs)
180  ISRT._DialogSetFont                                isrt.obl(Dialogs.obs)
181  ISRT._DisableStatus                                isrt.obl(Enable.obs)
182  ISRT._DoSprintf                                    isrt.obl(MsgBox.obs)
183  ISRT._EnableDialogCache                            isrt.obl(Enable.obs)
184  ISRT._EnablePrevDialog                             isrt.obl(AskDestPathDlg.obs)
185  ISRT._EnableSkins                                  isrt.obl(Enable.obs)
186  ISRT._EnableStatus                                 isrt.obl(Enable.obs)
187  ISRT._EnableWow64FsRedirection                     isrt.obl(Enable.obs)
188  ISRT._EndDialog                                    isrt.obl(CustomDialog.obs)
189  ISRT._ExistsDir                                    isrt.obl(Files.obs)
190  ISRT._ExistsDisk                                   isrt.obl(Files.obs)
191  ISRT._ExistsFile                                   isrt.obl(Files.obs)
192  ISRT._ExitInstall                                  Setup.obs
193  ISRT._FileCopy                                     isrt.obl(Files.obs)
194  ISRT._GetCurrentDialogName                         isrt.obl(Dialogs.obs)
195  ISRT._GetDiskSpaceEx                               isrt.obl(GSI.obs)
196  ISRT._GetDiskSpaceExEx                             isrt.obl(SdComponentTreeDlg.obs)
197  ISRT._GetGlobalMemorySize                          isrt.obl(GSI.obs)
198  ISRT._GetProcessorInfo                             isrt.obl(OsInfo.obs)
199  ISRT._GetSelectedTreeComponent                     isrt.obl(CmptView.obs)
200  ISRT._GetSupportDir                                isrt.obl(SysVars.obs)
201  ISRT._GetTrueTypeFontFileInfo                      isrt.obl(Misc.obs)
202  ISRT._InetEndofTransfer                            isrt.obl(iftw.obs)
203  ISRT._InetGetNextDisk                              isrt.obl(iftw.obs)
204  ISRT._InitInstall                                  Setup.obs
205  ISRT._IsFontTypefaceNameAvailable                  isrt.obl(Is.obs)
206  ISRT._IsSkinLoaded                                 isrt.obl(Is.obs)
207  ISRT._IsWindowsME                                  isrt.obl(GSI.obs)
208  ISRT._IsWow64                                      isrt.obl(OsInfo.obs)
209  ISRT._ListAddItem                                  isrt.obl(scrlist.obs)
210  ISRT._ListAddString                                isrt.obl(scrlist.obs)
211  ISRT._ListCount                                    isrt.obl(scrlist.obs)
212  ISRT._ListCreate                                   isrt.obl(scrlist.obs)
213  ISRT._ListCurrentString                            isrt.obl(scrlist.obs)
214  ISRT._ListDeleteItem                               isrt.obl(scrlist.obs)
215  ISRT._ListDeleteString                             isrt.obl(scrlist.obs)
216  ISRT._ListDestroy                                  isrt.obl(scrlist.obs)
217  ISRT._ListFindString                               isrt.obl(scrlist.obs)
218  ISRT._ListGetFirstItem                             isrt.obl(scrlist.obs)
219  ISRT._ListGetFirstString                           isrt.obl(scrlist.obs)
220  ISRT._ListGetNextItem                              isrt.obl(scrlist.obs)
221  ISRT._ListGetNextString                            isrt.obl(scrlist.obs)
222  ISRT._ListGetType                                  isrt.obl(scrlist.obs)
223  ISRT._ListSetIndex                                 isrt.obl(scrlist.obs)
224  ISRT._MediaGetInfo                                 isrt.obl(Feature.obs)
225  ISRT._OnUninstPriv                                 Setup.obs
226  ISRT._OpenFile                                     isrt.obl(Files.obs)
227  ISRT._Preprogram                                   Setup.obs
228  ISRT._Rebooted                                     Setup.obs
229  ISRT._RegCreateKey                                 isrt.obl(Registry.obs)
230  ISRT._RegDeleteValue                               isrt.obl(Registry.obs)
231  ISRT._RegEnableTextSubs                            isrt.obl(Enable.obs)
232  ISRT._RegEnum                                      isrt.obl(Registry.obs)
233  ISRT._RegGetOptions                                isrt.obl(SysVars.obs)
234  ISRT._RegIsRemoteRegConnected                      isrt.obl(Is.obs)
235  ISRT._RegQueryKeyBinaryValue                       isrt.obl(Registry.obs)
236  ISRT._RegQueryKeyValue                             isrt.obl(Registry.obs)
237  ISRT._RegSetKeyBinaryValue                         isrt.obl(Registry.obs)
238  ISRT._RegSetKeyValue                               isrt.obl(Registry.obs)
239  ISRT._RegSetOptions                                isrt.obl(SysVars.obs)
240  ISRT._ReleaseDialog                                isrt.obl(CustomDialog.obs)
241  ISRT._SdShowMsg                                    isrt.obl(SDSMSG.obs)
242  ISRT._SetAltMainImage                              isrt.obl(Dialogs.obs)
243  ISRT._SetDisplayEffect                             isrt.obl(ui.obs)
244  ISRT._SetPaletteFile                               isrt.obl(MIO.obs)
245  ISRT._SetSilentSdShowMsg                           isrt.obl(Enable.obs)
246  ISRT._SetTitle                                     isrt.obl(ui.obs)
247  ISRT._SetupInet                                    isrt.obl(MIO.obs)
248  ISRT._SetupTraceWrite                              isrt.obl(Misc.obs)
249  ISRT._ShowObjWizardPages                           isrt.obl(Objects.obs)
250  ISRT._ShowWizardPages                              Setup.obs
251  ISRT._StatusUpdate                                 isrt.obl(ui.obs)
252  ISRT._TreeViewCreate                               isrt.obl(CmptView.obs)
253  ISRT._WaitOnDialog                                 isrt.obl(CustomDialog.obs)
254  ISRT._WriteLine                                    isrt.obl(Files.obs)
255  ISRT.__CreateObjectContext                         isrt.obl(ISRTInit.obs)
256  ISRT.__GetCmdLineOptions                           isrt.obl(ISRTInit.obs)
257  ISRT.__GetContextGUID                              isrt.obl(ISRTInit.obs)
258  ISRT.__GetEnabledIServices                         isrt.obl(SysVars.obs)
259  ISRT.__GetFileRegistrar                            isrt.obl(ISRTInit.obs)
260  ISRT.__GetInfo                                     isrt.obl(ISRTInit.obs)
261  ISRT.__GetInstallGuid                              isrt.obl(SysVars.obs)
262  ISRT.__GetLog                                      isrt.obl(SysVars.obs)
263  ISRT.__GetLogDB                                    isrt.obl(ISRTInit.obs)
264  ISRT.__GetLogEx                                    isrt.obl(SysVars.obs)
265  ISRT.__GetMainWindow                               Setup.obs
266  ISRT.__GetMaintOption                              isrt.obl(SysVars.obs)
267  ISRT.__GetMaintenanceMode                          isrt.obl(SysVars.obs)
268  ISRT.__GetObjects                                  isrt.obl(ISRTInit.obs)
269  ISRT.__GetProductGuid                              isrt.obl(SysVars.obs)
270  ISRT.__GetProgress                                 Setup.obs
271  ISRT.__GetReboot                                   isrt.obl(ISRTInit.obs)
272  ISRT.__GetReinstallMode                            isrt.obl(SysVars.obs)
273  ISRT.__GetRemoveAllMode                            isrt.obl(SysVars.obs)
274  ISRT.__GetTextSub                                  isrt.obl(ISRTInit.obs)
275  ISRT.__GetUpdateMode                               isrt.obl(SysVars.obs)
276  ISRT.__GetUser                                     isrt.obl(MIO.obs)
277  ISRT.__ISRTGetPropertyBag                          ifx.obl(PersistPropertyBag.obs)
278  ISRT.__ISRTReleasePropertyBag                      ifx.obl(PersistPropertyBag.obs)
279  ISRT.__LoadString                                  isrt.obl(LoadStr.obs)
280  ISRT.__PutEnabledIServices                         isrt.obl(Enable.obs)
281  ISRT.__ReleaseObjectContext                        isrt.obl(ISRTInit.obs)
282  ISRT.__RestoreMainLog                              isrt.obl(ISRTInit.obs)
283  ISRT.__RestoreMainLogEx                            isrt.obl(ISRTInit.obs)
284  ISRT.__SetComponentLog                             isrt.obl(ISRTInit.obs)
285  ISRT.__SetUpdateMode                               isrt.obl(SysVars.obs)
286  ISRTHandleScriptException                          isrt.obl(Misc.obs)
287  ISRTOnUninstPriv                                   isrt.obl(Driver.obs)
288  ISRTPreprogram                                     isrt.obl(Driver.obs)
289  IfxFilterComponents                                ifx.obl(EventsSetupPriv.obs)
290  IfxFinalConstruct                                  ifx.obl(EventsSetupPriv.obs)
291  IfxFinalRelease                                    ifx.obl(EventsSetupPriv.obs)
292  IfxInitProperties                                  ifx.obl(PersistPropertyBag.obs)
293  IfxOnAbortInstall                                  ifx.obl(EventsPriv.obs)
294  IfxOnAppSearch                                     ifx.obl(EventsPriv.obs)
295  IfxOnCCPSearch                                     ifx.obl(EventsPriv.obs)
296  IfxOnCanceling                                     ifx.obl(EventsPriv.obs)
297  IfxOnDisk1Installed                                ifx.obl(EventsSetupPriv.obs)
298  IfxOnDisk1Installing                               ifx.obl(EventsSetupPriv.obs)
299  IfxOnExitInstall                                   ifx.obl(EventsSetupPriv.obs)
300  IfxOnFileError                                     ifx.obl(EventsSetupPriv.obs)
301  IfxOnFileLocked                                    ifx.obl(EventsSetupPriv.obs)
302  IfxOnFileReadOnly                                  ifx.obl(EventsSetupPriv.obs)
303  IfxOnGeneralScriptOp                               ifx.obl(EventsPriv.obs)
304  IfxOnHelp                                          ifx.obl(EventsPriv.obs)
305  IfxOnInitInstall                                   ifx.obl(EventsSetupPriv.obs)
306  IfxOnInternetError                                 ifx.obl(EventsSetupPriv.obs)
307  IfxOnMD5Error                                      ifx.obl(EventsSetupPriv.obs)
308  IfxOnNextDisk                                      ifx.obl(EventsSetupPriv.obs)
309  IfxOnRebooted                                      ifx.obl(EventsPriv.obs)
310  IfxOnRemovingSharedFile                            ifx.obl(EventsSetupPriv.obs)
311  IfxOnShowWizardPages                               ifx.obl(EventsSetupPriv.obs)
312  IfxOnTransferred                                   ifx.obl(EventsPriv.obs)
313  IfxOnTransferring                                  ifx.obl(EventsSetupPriv.obs)
314  IfxOnUnhandledException                            ifx.obl(EventsPriv.obs)
315  IfxOnUninst                                        ifx.obl(EventsSetupPriv.obs)
316  IfxOnUninstPriv                                    ifx.obl(EventsSetupPriv.obs)
317  IfxPostprogram                                     ifx.obl(EventsSetupPriv.obs)
318  IfxPreprogram                                      ifx.obl(EventsSetupPriv.obs)
319  IfxReadProperties                                  ifx.obl(PersistPropertyBag.obs)
320  IfxRunAfterReboot                                  ifx.obl(EventsSetupPriv.obs)
321  IfxWriteProperties                                 ifx.obl(PersistPropertyBag.obs)
322  InetEndofTransfer                                  isrt.obl(iftw.obs)
323  InetNextDisk                                       isrt.obl(iftw.obs)
324  InitInstall                                        isrt.obl(Driver.obs)
325  InitProperties                                     ifx.obl(PersistPropertyBag.obs)
326  Is                                                 isrt.obl(Is.obs)
327  IsInetInstall                                      isrt.obl(iftw.obs)
328  KERNEL.GetModuleHandle                             Setup.obs
329  KERNEL32.CloseHandle                               ifx.obl(EventsPriv.obs)
330  KERNEL32.CreateFileA                               ifx.obl(EventsPriv.obs)
331  KERNEL32.CreateProcess                             ifx.obl(EventsPriv.obs)
332  KERNEL32.DeleteFileA                               ifx.obl(EventsPriv.obs)
333  KERNEL32.FindClose                                 ifx.obl(EventsPriv.obs)
334  KERNEL32.FindFirstFileA                            ifx.obl(EventsPriv.obs)
335  KERNEL32.FindNextFileA                             ifx.obl(EventsPriv.obs)
336  KERNEL32.FormatMessageA                            ifx.obl(EventsPriv.obs)
337  KERNEL32.FreeLibrary                               ifx.obl(EventsPriv.obs)
338  KERNEL32.GetCurrentDirectoryA                      ifx.obl(EventsPriv.obs)
339  KERNEL32.GetDriveType                              ifx.obl(EventsPriv.obs)
340  KERNEL32.GetExitCodeProcess                        ifx.obl(EventsPriv.obs)
341  KERNEL32.GetFileAttributesA                        ifx.obl(EventsPriv.obs)
342  KERNEL32.GetLocalTime                              ifx.obl(EventsPriv.obs)
343  KERNEL32.GetLocaleInfo                             ifx.obl(EventsPriv.obs)
344  KERNEL32.GetPrivateProfileSectionA                 ifx.obl(EventsPriv.obs)
345  KERNEL32.GetPrivateProfileString                   ifx.obl(EventsPriv.obs)
346  KERNEL32.GetPrivateProfileStringA                  ifx.obl(EventsPriv.obs)
347  KERNEL32.GetProcAddress                            ifx.obl(EventsPriv.obs)
348  KERNEL32.GetProfileStringA                         ifx.obl(EventsPriv.obs)
349  KERNEL32.GetSystemDefaultLCID                      ifx.obl(EventsPriv.obs)
350  KERNEL32.GetSystemDefaultLangID                    ifx.obl(EventsPriv.obs)
351  KERNEL32.GetSystemDefaultUILanguage                ifx.obl(EventsPriv.obs)
352  KERNEL32.GetTickCount                              ifx.obl(EventsPriv.obs)
353  KERNEL32.GetUserDefaultLangID                      ifx.obl(EventsPriv.obs)
354  KERNEL32.GetVersion                                ifx.obl(EventsPriv.obs)
355  KERNEL32.GetVersionEx                              ifx.obl(EventsPriv.obs)
356  KERNEL32.GetVolumeInformation                      ifx.obl(EventsPriv.obs)
357  KERNEL32.GetWindowsDirectory                       ifx.obl(EventsPriv.obs)
358  KERNEL32.LoadLibraryA                              ifx.obl(EventsPriv.obs)
359  KERNEL32.MoveFileA                                 ifx.obl(EventsPriv.obs)
360  KERNEL32.RemoveDirectoryA                          ifx.obl(EventsPriv.obs)
361  KERNEL32.SetCurrentDirectoryA                      ifx.obl(EventsPriv.obs)
362  KERNEL32.SetFileAttributesA                        ifx.obl(EventsPriv.obs)
363  KERNEL32.Sleep                                     ifx.obl(EventsPriv.obs)
364  KERNEL32.WritePrivateProfileString                 ifx.obl(EventsPriv.obs)
365  KERNEL32.WritePrivateProfileStringA                ifx.obl(EventsPriv.obs)
366  KERNEL32.WriteProfileStringA                       ifx.obl(EventsPriv.obs)
367  KERNEL32.lstrlen                                   ifx.obl(EventsPriv.obs)
368  LOBYTE                                             isrt.obl(Misc.obs)
369  LOWORD                                             isrt.obl(Misc.obs)
370  LaunchApp                                          isrt.obl(Extend.obs)
371  LaunchAppAndWait                                   isrt.obl(Extend.obs)
372  LaunchAppAndWaitInitStartupInfo                    isrt.obl(Extend.obs)
373  ListAddItem                                        isrt.obl(scrlist.obs)
374  ListAddString                                      isrt.obl(scrlist.obs)
375  ListCount                                          isrt.obl(scrlist.obs)
376  ListCreate                                         isrt.obl(scrlist.obs)
377  ListCurrentString                                  isrt.obl(scrlist.obs)
378  ListDeleteItem                                     isrt.obl(scrlist.obs)
379  ListDeleteString                                   isrt.obl(scrlist.obs)
380  ListDestroy                                        isrt.obl(scrlist.obs)
381  ListFindString                                     isrt.obl(scrlist.obs)
382  ListGetFirstItem                                   isrt.obl(scrlist.obs)
383  ListGetFirstString                                 isrt.obl(scrlist.obs)
384  ListGetNextItem                                    isrt.obl(scrlist.obs)
385  ListGetNextString                                  isrt.obl(scrlist.obs)
386  ListGetType                                        isrt.obl(scrlist.obs)
387  ListSetIndex                                       isrt.obl(scrlist.obs)
388  ListValid                                          isrt.obl(scrlist.obs)
389  ListValidType                                      isrt.obl(scrlist.obs)
390  LoadStringFromStringTable                          isrt.obl(Str.obs)
391  LogReadCustomString                                isrt.obl(Misc.obs)
392  LogReadCustomVariant                               isrt.obl(Misc.obs)
393  LogWriteCustomString                               isrt.obl(Misc.obs)
394  LogWriteCustomVariant                              isrt.obl(Misc.obs)
395  LongPathFromShortPath                              isrt.obl(Str.obs)
396  LongPathToQuote                                    isrt.obl(Str.obs)
397  MAKELONG                                           isrt.obl(Misc.obs)
398  MIFCreateMIFFile                                   isrt.obl(MIF.obs)
399  MIFDeleteMIFFile                                   isrt.obl(MIF.obs)
400  MIFInitialize                                      isrt.obl(MIF.obs)
401  MIFSetInformation                                  isrt.obl(MIF.obs)
402  MIFUnInitialize                                    isrt.obl(MIF.obs)
403  MIFWasSetInformationCalled                         isrt.obl(MIF.obs)
404  MIOShutdown                                        isrt.obl(MIO.obs)
405  MIOStartup                                         isrt.obl(MIO.obs)
406  MaintenanceStart                                   isrt.obl(Registry.obs)
407  MediaGetData                                       isrt.obl(Feature.obs)
408  MediaGetDataEx                                     isrt.obl(Feature.obs)
409  MessageBeep                                        isrt.obl(Misc.obs)
410  MessageBox                                         isrt.obl(MsgBox.obs)
411  MessageBoxEx                                       isrt.obl(MsgBox.obs)
412  NotificationServer_Installed                       Setup.obs
413  NotificationServer_Installing                      Setup.obs
414  NotificationServer_UnInstalling                    Setup.obs
415  OnAbort                                            ifx.obl(EventsSetup.obs)
416  OnAppSearch                                        ifx.obl(EventsSetup.obs)
417  OnBegin                                            ifx.obl(EventsSetup.obs)
418  OnCCPSearch                                        ifx.obl(EventsSetup.obs)
419  OnCanceling                                        ifx.obl(EventsSetup.obs)
420  OnCheckMediaPassword                               ifx.obl(EventsSetup.obs)
421  OnComponentError                                   ifx.obl(EventsSetup.obs)
422  OnCustomizeUninstInfo                              ifx.obl(EventsSetup.obs)
423  OnDIFxLogCallback                                  ifx.obl(EventsSetup.obs)
424  OnDIFxLogCallbackImpl                              isrt.obl(ISDIFx.obs)
425  OnEnd                                              Setup.obs
426  OnFileError                                        ifx.obl(EventsSetup.obs)
427  OnFileLocked                                       Setup.obs
428  OnFileReadOnly                                     ifx.obl(EventsSetup.obs)
429  OnFilterComponents                                 ifx.obl(EventsSetup.obs)
430  OnFirstUIAfter                                     Setup.obs
431  OnFirstUIBefore                                    Setup.obs
432  OnHelp                                             ifx.obl(EventsSetup.obs)
433  OnIISAppPoolUninstalling                           ifx.obl(EventsPriv.obs)
434  OnIISCheckRequirements                             ifx.obl(EventsPriv.obs)
435  OnIISComponentInstalled                            ifx.obl(EventsPriv.obs)
436  OnIISInitialize                                    ifx.obl(EventsPriv.obs)
437  OnIISUninitialize                                  ifx.obl(EventsPriv.obs)
438  OnIISVRootUninstalling                             ifx.obl(EventsPriv.obs)
439  OnIISWebServiceExtensionUninstalling               ifx.obl(EventsPriv.obs)
440  OnInstallDRMService                                isrt.obl(Activation.obs)
441  OnInstalledFile                                    ifx.obl(EventsSetup.obs)
442  OnInstalledFontFile                                ifx.obl(EventsSetup.obs)
443  OnInstallingFile                                   ifx.obl(EventsSetup.obs)
444  OnInternetError                                    ifx.obl(EventsSetup.obs)
445  OnLaunchAppAndWaitCallback                         ifx.obl(EventsSetup.obs)
446  OnMD5Error                                         ifx.obl(EventsSetup.obs)
447  OnMaintUIAfter                                     ifx.obl(EventsSetup.obs)
448  OnMaintUIBefore                                    Setup.obs
449  OnMoveData                                         ifx.obl(EventsSetup.obs)
450  OnMoved                                            ifx.obl(EventsSetup.obs)
451  OnMoving                                           Setup.obs
452  OnNetApiCreateUserAccount                          ifx.obl(EventsSetup.obs)
453  OnNetApiCreateUserAccountInternal                  isrt.obl(NetApiRT.obs)
454  OnNextDisk                                         ifx.obl(EventsSetup.obs)
455  OnRebooted                                         ifx.obl(EventsSetup.obs)
456  OnRemovingSharedFile                               ifx.obl(EventsSetup.obs)
457  OnSQLBatchScripts                                  ifx.obl(EventsPriv.obs)
458  OnSQLComponentInstalled                            ifx.obl(EventsPriv.obs)
459  OnSQLComponentUninstalled                          ifx.obl(EventsPriv.obs)
460  OnSQLServerInitialize                              ifx.obl(EventsPriv.obs)
461  OnSQLServerInitializeMaint                         ifx.obl(EventsPriv.obs)
462  OnSelfRegistrationError                            ifx.obl(EventsSetup.obs)
463  OnSetTARGETDIR                                     Setup.obs
464  OnSetUpdateMode                                    ifx.obl(EventsSetup.obs)
465  OnShowUI                                           ifx.obl(EventsSetup.obs)
466  OnUnInstallDRMService                              isrt.obl(Activation.obs)
467  OnUnhandledException                               ifx.obl(EventsPriv.obs)
468  OnUninstall                                        ifx.obl(EventsSetup.obs)
469  OnUninstalledFile                                  ifx.obl(EventsSetup.obs)
470  OnUninstallingDIFxDriverFile                       ifx.obl(EventsSetup.obs)
471  OnUninstallingFile                                 ifx.obl(EventsSetup.obs)
472  OnUninstallingFontFile                             ifx.obl(EventsSetup.obs)
473  OnUpdateUIAfter                                    Setup.obs
474  OnUpdateUIBefore                                   ifx.obl(EventsSetup.obs)
475  OnXMLComponentInstalled                            ifx.obl(EventsPriv.obs)
476  OnXMLComponentUninstalling                         ifx.obl(EventsPriv.obs)
477  OnXMLInitialize                                    ifx.obl(EventsPriv.obs)
478  OnXMLUninitialize                                  ifx.obl(EventsPriv.obs)
479  OpenFileMode                                       isrt.obl(Files.obs)
480  PCRestoreInit                                      isrt.obl(PCRestore.obs)
481  PCRestoreOnAbort                                   isrt.obl(PCRestore.obs)
482  PCRestoreOnBegin                                   isrt.obl(PCRestore.obs)
483  PCRestoreOnExit                                    isrt.obl(PCRestore.obs)
484  ParsePath                                          isrt.obl(Str.obs)
485  Postprogram                                        ifx.obl(EventsSetupPriv.obs)
486  Preprogram                                         ifx.obl(EventsSetupPriv.obs)
487  ProgDefGroupType                                   isrt.obl(Shell.obs)
488  ProgGetGroupType                                   isrt.obl(Shell.obs)
489  PthFixPath                                         isrt.obl(Pth.obs)
490  PthIsAbsPath                                       isrt.obl(Pth.obs)
491  PthIsRoot                                          isrt.obl(Pth.obs)
492  ReadProperties                                     ifx.obl(PersistPropertyBag.obs)
493  Rebooted                                           isrt.obl(Driver.obs)
494  RegDBCreateKeyEx                                   isrt.obl(Registry.obs)
495  RegDBDeleteValue                                   isrt.obl(Registry.obs)
496  RegDBGetDefaultRoot                                isrt.obl(SysVars.obs)
497  RegDBGetItem                                       isrt.obl(Registry.obs)
498  RegDBGetKeyValueEx                                 isrt.obl(Registry.obs)
499  RegDBQueryKey                                      isrt.obl(Registry.obs)
500  RegDBQueryKeyCount                                 isrt.obl(Registry.obs)
501  RegDBQueryStringMultiStringCount                   isrt.obl(Registry.obs)
502  RegDBQueryValue                                    isrt.obl(Registry.obs)
503  RegDBQueryValue32                                  isrt.obl(Registry.obs)
504  RegDBSetDefaultRoot                                isrt.obl(SysVars.obs)
505  RegDBSetItem                                       isrt.obl(Registry.obs)
506  RegDBSetKeyValueEx                                 isrt.obl(Registry.obs)
507  RegDBSetValue                                      isrt.obl(Registry.obs)
508  RegDBSetValue32                                    isrt.obl(Registry.obs)
509  RegDBSetVersion                                    isrt.obl(Registry.obs)
510  RegisterFontResource                               isrt.obl(Misc.obs)
511  ReleaseDialog                                      isrt.obl(CustomDialog.obs)
512  RenameFile                                         isrt.obl(Files.obs)
513  SdAskDestPath                                      isrt.obl(SdAskDestPathDlg.obs)
514  SdCloseDlg                                         isrt.obl(SDINT.obs)
515  SdComponentDlgCheckSpace                           isrt.obl(SDINT.obs)
516  SdDlgToTop                                         isrt.obl(SDINT.obs)
517  SdDoStdButton                                      isrt.obl(SDINT.obs)
518  SdEnablement                                       isrt.obl(SDINT.obs)
519  SdError                                            isrt.obl(SDINT.obs)
520  SdExceptions                                       isrt.obl(SdExceptions.obs)
521  SdExceptionsInit                                   isrt.obl(SdExceptions.obs)
522  SdFeatureTree                                      isrt.obl(SdComponentTreeDlg.obs)
523  SdFinish                                           isrt.obl(SdFinishDlg.obs)
524  SdFinishReboot                                     isrt.obl(SdFinishRebootDlg.obs)
525  SdFinishUpdateEx                                   isrt.obl(SdFinishUpdate.obs)
526  SdGeneralInit                                      isrt.obl(SDINT.obs)
527  SdInit                                             isrt.obl(SDINT.obs)
528  SdIsStdButton                                      isrt.obl(SDINT.obs)
529  SdLoadString                                       isrt.obl(SDINT.obs)
530  SdMakeName                                         isrt.obl(SDINT.obs)
531  SdPlugInProductName                                isrt.obl(SDINT.obs)
532  SdSetDlgTitle                                      isrt.obl(SDINT.obs)
533  SdSetStatic                                        isrt.obl(SDINT.obs)
534  SdShowMsg                                          isrt.obl(SDSMSG.obs)
535  SdSubstituteProductInfo                            isrt.obl(SDINT.obs)
536  SdUnInit                                           isrt.obl(SDINT.obs)
537  SdWelcome                                          isrt.obl(SdWelcomeDlg.obs)
538  SdWelcomeMaint                                     isrt.obl(SdWelcomeMaintDlg.obs)
539  SelectDir                                          isrt.obl(SelectDir.obs)
540  SelectDirNoLog                                     isrt.obl(SelectDir.obs)
541  SendMessage                                        isrt.obl(Misc.obs)
542  ServiceInitParams                                  isrt.obl(Service.obs)
543  SetCmdLine                                         isrt.obl(SysVars.obs)
544  SetDialogTitle                                     isrt.obl(Dialogs.obs)
545  SetDisplayEffect                                   isrt.obl(ui.obs)
546  SetExtendedErrInfo                                 isrt.obl(IsUtil.obs)
547  SetFolderDesktop                                   isrt.obl(SysVars.obs)
548  SetFolderPrograms                                  isrt.obl(SysVars.obs)
549  SetFolderStartMenu                                 isrt.obl(SysVars.obs)
550  SetFolderStartup                                   isrt.obl(SysVars.obs)
551  SetStatus                                          ifx.obl(EventsSetupPriv.obs)
552  SetStatusEx                                        ifx.obl(EventsSetupPriv.obs)
553  SetStatusExStaticText                              isrt.obl(ui.obs)
554  SetStatusWindow                                    isrt.obl(ui.obs)
555  SetTitle                                           isrt.obl(ui.obs)
556  SetupTraceWrite                                    isrt.obl(Misc.obs)
557  Shell32.SHChangeNotify                             Setup.obs
558  ShowObjWizardPages                                 isrt.obl(Objects.obs)
559  ShowWizardPages                                    isrt.obl(Driver.obs)
560  SilentCreateFile                                   isrt.obl(Silent.obs)
561  SilentDoGeneralInfo                                isrt.obl(Silent.obs)
562  SilentFailed                                       isrt.obl(Silent.obs)
563  SilentFinish                                       isrt.obl(Silent.obs)
564  SilentInit                                         isrt.obl(Silent.obs)
565  SilentLogWriteData                                 isrt.obl(Silent.obs)
566  SilentReadData                                     isrt.obl(Silent.obs)
567  SilentSetInfo                                      isrt.obl(Silent.obs)
568  SilentSetMode                                      isrt.obl(Silent.obs)
569  SilentWriteData                                    isrt.obl(Silent.obs)
570  Sprintf                                            isrt.obl(Str.obs)
571  SprintfBox                                         isrt.obl(MsgBox.obs)
572  StatusUpdate                                       isrt.obl(ui.obs)
573  StrAddLastSlash                                    isrt.obl(Str.obs)
574  StrFindEx                                          isrt.obl(Str.obs)
575  StrGetTokens                                       isrt.obl(Str.obs)
576  StrLength                                          isrt.obl(Str.obs)
577  StrRemoveLastSlash                                 isrt.obl(Str.obs)
578  StrRemoveSpaces                                    isrt.obl(Str.obs)
579  StrReplace                                         isrt.obl(Str.obs)
580  StrToNumHex                                        isrt.obl(Str.obs)
581  StrToUpper                                         isrt.obl(Str.obs)
582  SysVarsInit                                        isrt.obl(SysVars.obs)
583  SysVarsTrace                                       isrt.obl(SysVars.obs)
584  SysVarsUnInit                                      isrt.obl(SysVars.obs)
585  System                                             isrt.obl(Misc.obs)
586  TextSubGetValue                                    isrt.obl(TextSub.obs)
587  TextSubParseTextSub                                isrt.obl(TextSub.obs)
588  TextSubSetValue                                    isrt.obl(TextSub.obs)
589  TextSubSubstitute                                  isrt.obl(TextSub.obs)
590  Tomcat_Installed                                   Setup.obs
591  Tomcat_Installing                                  Setup.obs
592  Tomcat_UnInstalled                                 Setup.obs
593  Tomcat_UnInstalling                                Setup.obs
594  TreeViewCreate                                     isrt.obl(CmptView.obs)
595  USER.EnableWindow                                  Setup.obs
596  USER.GetClassName                                  Setup.obs
597  USER.GetClientRect                                 Setup.obs
598  USER.GetDC                                         Setup.obs
599  USER.GetDlgItem                                    Setup.obs
600  USER.GetFocus                                      Setup.obs
601  USER.GetWindowLong                                 Setup.obs
602  USER.GetWindowRect                                 Setup.obs
603  USER.IsIconic                                      Setup.obs
604  USER.IsWindow                                      Setup.obs
605  USER.IsWindowVisible                               ifx.obl(EventsPriv.obs)
606  USER.MoveWindow                                    Setup.obs
607  USER.PostMessage                                   Setup.obs
608  USER.ReleaseDC                                     Setup.obs
609  USER.SendMessageA                                  ifx.obl(EventsPriv.obs)
610  USER.SetFocus                                      Setup.obs
611  USER.SetForegroundWindow                           ifx.obl(EventsPriv.obs)
612  USER.SetWindowPos                                  Setup.obs
613  USER.SetWindowText                                 Setup.obs
614  USER.ShowWindow                                    Setup.obs
615  USER32.CharUpperBuffA                              ifx.obl(EventsPriv.obs)
616  USER32.DispatchMessage                             ifx.obl(EventsPriv.obs)
617  USER32.DrawText                                    ifx.obl(EventsPriv.obs)
618  USER32.GetSystemMetrics                            ifx.obl(EventsPriv.obs)
619  USER32.GetWindowText                               ifx.obl(EventsPriv.obs)
620  USER32.GetWindowTextLength                         ifx.obl(EventsPriv.obs)
621  USER32.MessageBoxA                                 ifx.obl(EventsPriv.obs)
622  USER32.MsgWaitForMultipleObjects                   ifx.obl(EventsPriv.obs)
623  USER32.PeekMessageA                                ifx.obl(EventsPriv.obs)
624  USER32.ScreenToClient                              ifx.obl(EventsPriv.obs)
625  USER32.SendMessageA                                ifx.obl(EventsPriv.obs)
626  USER32.SetWindowLong                               ifx.obl(EventsPriv.obs)
627  USER32.SetWindowRgn                                ifx.obl(EventsPriv.obs)
628  USER32.TranslateMessage                            ifx.obl(EventsPriv.obs)
629  UpdateServiceCheckForUpdates                       isrt.obl(ISUpdateService.obs)
630  UpdateServiceEnableUpdateService                   isrt.obl(ISUpdateService.obs)
631  UpdateServiceInit                                  isrt.obl(ISUpdateService.obs)
632  UpdateServiceRegisterAfterReboot                   isrt.obl(ISUpdateService.obs)
633  UpdateServiceRegisterProductEx                     isrt.obl(ISUpdateService.obs)
634  VarInit                                            isrt.obl(SysVars.obs)
635  VarRestore                                         isrt.obl(SysVars.obs)
636  VarRestoreISRT                                     isrt.obl(SysVars.obs)
637  VarSave                                            isrt.obl(SysVars.obs)
638  VarSaveISRT                                        isrt.obl(SysVars.obs)
639  VerProductCompareVersions                          isrt.obl(version.obs)
640  VerProductGetInstalledVersion                      isrt.obl(version.obs)
641  VerProductIsVersionSupported                       isrt.obl(version.obs)
642  VerProductNumToStr                                 isrt.obl(version.obs)
643  VerProductStrToNum                                 isrt.obl(version.obs)
644  VerProductVerFromVerParts                          isrt.obl(version.obs)
645  VerProductVerPartsFromVer                          isrt.obl(version.obs)
646  WaitOnDialog                                       isrt.obl(CustomDialog.obs)
647  WizardDirection                                    ifx.obl(EventsSetupPriv.obs)
648  WriteLine                                          isrt.obl(Files.obs)
649  WriteProfInt                                       isrt.obl(Profile.obs)
650  WriteProfString                                    isrt.obl(Profile.obs)
651  WriteProperties                                    ifx.obl(PersistPropertyBag.obs)
652  XCopyFile                                          isrt.obl(Files.obs)
653  YukonClient_Installing                             Setup.obs
654  YukonServer_Installed                              Setup.obs
655  YukonServer_Installing                             Setup.obs
656  YukonServiceManager_Installed                      Setup.obs
657  YukonServiceManager_Installing                     Setup.obs
658  YukonServiceManager_UnInstalling                   Setup.obs
659  _WinSubEnableControl                               isrt.obl(WINSUB.obs)
660  _WinSubEnableWindow                                isrt.obl(WINSUB.obs)
661  _WinSubGetChildWindow                              isrt.obl(WINSUB.obs)
662  _WinSubIsWindow                                    isrt.obl(WINSUB.obs)
663  __ISRTDoExit                                       isrt.obl(Misc.obs)
664  __ISRTInit                                         isrt.obl(ISRTInit.obs)
665  __ISRTRestoreMainLog                               isrt.obl(ISRTInit.obs)
666  __ISRTRestoreMainLogEx                             isrt.obl(ISRTInit.obs)
667  __ISRTSetComponentLog                              isrt.obl(ISRTInit.obs)
668  __ISRTUnInit                                       isrt.obl(ISRTInit.obs)
669  __LoadIScriptString                                isrt.obl(LoadStr.obs)
670  program                                            ifx.obl(EventsSetupPriv.obs)
671  removeLegacyShortcuts                              Setup.obs
672  sfc.SRSetRestorePoint                              Setup.obs


***** External Variables *****
1    ADDREMOVE                                          isrt.obl(DebugSymbols.obs)
2    ADDREMOVE_COMBINEDBUTTON                           Setup.obs
3    ADDREMOVE_HIDECHANGEOPTION                         Setup.obs
4    ADDREMOVE_HIDEREMOVEOPTION                         Setup.obs
5    ADDREMOVE_HIDEREPAIROPTION                         Setup.obs
6    ADDREMOVE_STRING_REMOVEONLY                        Setup.obs
7    ADDREMOVE_SYSTEMCOMPONENT                          Setup.obs
8    ADMINUSER                                          Setup.obs
9    ALLUSERS                                           Setup.obs
10   BASICMSI                                           isrt.obl(DebugSymbols.obs)
11   BATCH_INSTALL                                      Setup.obs
12   CMDLINE                                            isrt.obl(DebugSymbols.obs)
13   COMMONFILES                                        isrt.obl(DebugSymbols.obs)
14   COMMONFILES64                                      isrt.obl(DebugSymbols.obs)
15   DISABLE_ALLUSERBTN                                 Setup.obs
16   DISABLE_PERUSERBTN                                 Setup.obs
17   DISK1SETUPEXENAME                                  isrt.obl(DebugSymbols.obs)
18   DISK1TARGET                                        Setup.obs
19   ENABLED_ISERVICES                                  isrt.obl(DebugSymbols.obs)
20   ENGINECOMMONDIR                                    isrt.obl(DebugSymbols.obs)
21   ENGINEDIR                                          isrt.obl(DebugSymbols.obs)
22   ERRORFILENAME                                      Setup.obs
23   Err                                                Setup.obs
24   FILETIME                                           ifx.obl(EventsPriv.obs)
25   FIND_DATA                                          ifx.obl(EventsPriv.obs)
26   FOLDER_APPDATA                                     isrt.obl(DebugSymbols.obs)
27   FOLDER_COMMON_APPDATA                              isrt.obl(DebugSymbols.obs)
28   FOLDER_DESKTOP                                     isrt.obl(DebugSymbols.obs)
29   FOLDER_DOTNET_10                                   isrt.obl(DebugSymbols.obs)
30   FOLDER_DOTNET_11                                   isrt.obl(DebugSymbols.obs)
31   FOLDER_DOTNET_20                                   isrt.obl(DebugSymbols.obs)
32   FOLDER_FONTS                                       isrt.obl(DebugSymbols.obs)
33   FOLDER_LOCAL_APPDATA                               isrt.obl(DebugSymbols.obs)
34   FOLDER_PERSONAL                                    isrt.obl(DebugSymbols.obs)
35   FOLDER_PROGRAMS                                    isrt.obl(DebugSymbols.obs)
36   FOLDER_STARTMENU                                   isrt.obl(DebugSymbols.obs)
37   FOLDER_STARTUP                                     isrt.obl(DebugSymbols.obs)
38   FOLDER_TEMP                                        isrt.obl(DebugSymbols.obs)
39   FileRegistrar                                      Setup.obs
40   HKEYCURRENTROOTKEY                                 Setup.obs
41   IFX_COMPANY_NAME                                   Setup.obs
42   IFX_DISK1INSTALLED                                 Setup.obs
43   IFX_INITIALIZED                                    Setup.obs
44   IFX_INSTALLED_DISPLAY_VERSION                      Setup.obs
45   IFX_INSTALLED_VERSION                              Setup.obs
46   IFX_KEYPATH_PRODUCT_INFO                           Setup.obs
47   IFX_MULTI_INSTANCE_SUFFIX                          Setup.obs
48   IFX_PRODUCT_COMMENTS                               Setup.obs
49   IFX_PRODUCT_DISPLAY_NAME                           Setup.obs
50   IFX_PRODUCT_DISPLAY_VERSION                        Setup.obs
51   IFX_PRODUCT_ICON                                   Setup.obs
52   IFX_PRODUCT_KEY                                    Setup.obs
53   IFX_PRODUCT_NAME                                   Setup.obs
54   IFX_PRODUCT_README                                 Setup.obs
55   IFX_PRODUCT_REGISTEREDCOMPANY                      Setup.obs
56   IFX_PRODUCT_REGISTEREDOWNER                        Setup.obs
57   IFX_PRODUCT_REGISTEREDSERIALNUM                    Setup.obs
58   IFX_PRODUCT_SUPPORT_CONTACT                        Setup.obs
59   IFX_PRODUCT_SUPPORT_PHONE                          Setup.obs
60   IFX_PRODUCT_SUPPORT_URL                            Setup.obs
61   IFX_PRODUCT_UPDATE_URL                             Setup.obs
62   IFX_PRODUCT_URL                                    Setup.obs
63   IFX_PRODUCT_VERSION                                Setup.obs
64   IFX_SETUP_TITLE                                    Setup.obs
65   IFX_SUPPORTED_VERSIONS                             Setup.obs
66   IISROOTFOLDER                                      isrt.obl(DebugSymbols.obs)
67   INSTALLSCRIPTMSI                                   isrt.obl(DebugSymbols.obs)
68   INSTANCE_GUID                                      isrt.obl(DebugSymbols.obs)
69   ISDIFXAPPID                                        Setup.obs
70   ISRES                                              isrt.obl(DebugSymbols.obs)
71   ISUSER                                             isrt.obl(DebugSymbols.obs)
72   ISUTIL_FUNCTION_ACTUAL_ERROR                       Setup.obs
73   ISUTIL_LINE_NUMBER                                 Setup.obs
74   ISUTIL_SCRIPT_FILE                                 Setup.obs
75   ISVERSION                                          isrt.obl(DebugSymbols.obs)
76   InetSRCDIR                                         Setup.obs
77   LAAW_PARAMETERS                                    Setup.obs
78   LAAW_PROCESS_INFORMATION                           Setup.obs
79   LAAW_STARTUPINFO                                   Setup.obs
80   LAST_RESULT                                        Setup.obs
81   LogDB                                              Setup.obs
82   MAINTENANCE                                        isrt.obl(DebugSymbols.obs)
83   MAINT_OPTION                                       isrt.obl(DebugSymbols.obs)
84   MEDIA                                              Setup.obs
85   MEDIA_INFO                                         isrt.obl(Feature.obs)
86   MODE                                               Setup.obs
87   MSG                                                ifx.obl(EventsPriv.obs)
88   MULTI_INSTANCE_COUNT                               isrt.obl(DebugSymbols.obs)
89   MainWindow                                         Setup.obs
90   NOTHING                                            Setup.obs
91   OSINFO_PLATFORM_INFO                               Setup.obs
92   OSINFO_PROCESSOR_INFO                              Setup.obs
93   OSVERSIONINFO                                      ifx.obl(EventsPriv.obs)
94   OSVERSIONINFOEX                                    ifx.obl(EventsPriv.obs)
95   Objects                                            Setup.obs
96   PACKAGE_LOCATION                                   isrt.obl(DebugSymbols.obs)
97   POINT                                              ifx.obl(EventsPriv.obs)
98   PRIVILEGED                                         Setup.obs
99   PROCESS_INFORMATION                                Setup.obs
100  PRODUCT_GUID                                       isrt.obl(DebugSymbols.obs)
101  PROGRAMFILES                                       isrt.obl(DebugSymbols.obs)
102  PROGRAMFILES64                                     isrt.obl(DebugSymbols.obs)
103  RECT                                               ifx.obl(EventsPriv.obs)
104  REGDB_OPTIONS                                      Setup.obs
105  REINSTALLMODE                                      isrt.obl(DebugSymbols.obs)
106  REMOVEALLMODE                                      isrt.obl(DebugSymbols.obs)
107  REMOVEONLY                                         isrt.obl(DebugSymbols.obs)
108  RUN_ONCE_PROGRAM                                   isrt.obl(DebugSymbols.obs)
109  Reboot                                             Setup.obs
110  SELECTED_LANGUAGE                                  isrt.obl(DebugSymbols.obs)
111  SERVICE_IS_PARAMS                                  Setup.obs
112  SETUPTYPE_STR_COMPACT                              Setup.obs
113  SETUPTYPE_STR_COMPLETE                             Setup.obs
114  SETUPTYPE_STR_CUSTOM                               Setup.obs
115  SETUPTYPE_STR_TYPICAL                              Setup.obs
116  SHELL_OBJECT_FOLDER                                Setup.obs
117  SHOW_PASSWORD_DIALOG                               isrt.obl(DebugSymbols.obs)
118  SRCDIR                                             Setup.obs
119  SRCDISK                                            isrt.obl(DebugSymbols.obs)
120  STARTUPINFO                                        Setup.obs
121  SUPPORTDIR                                         isrt.obl(DebugSymbols.obs)
122  SYSTEMTIME                                         ifx.obl(EventsPriv.obs)
123  SetupInfo                                          Setup.obs
124  StatusDlg                                          Setup.obs
125  TARGETDIR                                          Setup.obs
126  TARGETDISK                                         isrt.obl(DebugSymbols.obs)
127  TextSub                                            Setup.obs
128  UNINST                                             Setup.obs
129  UNINSTALLKEY                                       Setup.obs
130  UNINSTALL_DISPLAYNAME                              Setup.obs
131  UNINSTALL_STRING                                   Setup.obs
132  UPDATEMODE                                         Setup.obs
133  WINDIR                                             isrt.obl(DebugSymbols.obs)
134  WINDISK                                            isrt.obl(DebugSymbols.obs)
135  WINSYSDIR                                          isrt.obl(DebugSymbols.obs)
136  WINSYSDIR64                                        isrt.obl(DebugSymbols.obs)
137  WINSYSDISK                                         isrt.obl(DebugSymbols.obs)
138  _FONTFILEINFO                                      Setup.obs
139  _INT64                                             Setup.obs
140  _ISDIFXINSTALLERINFO                               isrt.obl(ISDIFx.obs)
141  _LAAW_PARAMETERS                                   Setup.obs
142  _LAAW_TEMP_DATA                                    isrt.obl(Extend.obs)
143  _RESTOREINFO_                                      Setup.obs
144  _RESTOREPTINFO                                     Setup.obs
145  _SERVICE_IS_PARAMS                                 Setup.obs
146  _SMGRSTATUS                                        Setup.obs
147  _SMGSTATUS_                                        Setup.obs
148  _WIN9X                                             Setup.obs
149  _WINNT                                             Setup.obs
150  __SYSTEMINFORMATION                                Setup.obs
151  __SYSTEMPROCESSORINFORMATION                       Setup.obs
152  __hContext                                         isrt.obl(Activation.obs)
153  __objGlobalTextSub                                 Setup.obs
154  __szGUID                                           isrt.obl(ISRTInit.obs)
155  bBackButton                                        Setup.obs
156  bCancelButton                                      Setup.obs
157  bEnterDiskBeep                                     isrt.obl(AskDestPathDlg.obs)
158  bFinishButton                                      Setup.obs
159  bIFXLFNoToAll                                      Setup.obs
160  bIFXLFOnRebootToAll                                Setup.obs
161  bIFXLFYesToAll                                     Setup.obs
162  bIFXMD5IgnoreToAll                                 Setup.obs
163  bIFXRONoToAll                                      Setup.obs
164  bIFXROYesToAll                                     Setup.obs
165  bIFXSFNoToAll                                      Setup.obs
166  bIFXSFYesToAll                                     Setup.obs
167  bIfxPCHInitialized                                 Setup.obs
168  bIfxPCHOn                                          Setup.obs
169  bInstall16                                         Setup.obs
170  bNextButton                                        Setup.obs
171  bSdInit                                            Setup.obs
172  bViewCmptKunits                                    Setup.obs
173  bViewCmptUseDecimal                                Setup.obs
174  g_bSuppressMissingStringWarning                    isrt.obl(Enable.obs)
175  nIfxPCHType                                        Setup.obs
176  szAppKey                                           Setup.obs
177  szSdProduct                                        Setup.obs
178  szSdStr_NotEnoughSpace                             Setup.obs
